// Jest Snapshot v1, https://goo.gl/fbAQLP

exports[`SettingsAdjustmentsList should render correct structure 1`] = `
<DocumentFragment>
  <div>
    TitleManager
  </div>
  <div>
    <section
      class="pane focusIndicator"
      id="setting-adjustments-pane"
    >
      <div
        aria-labelledby="paneHeadersetting-adjustments-pane-pane-title"
        class="paneHeader"
        data-test-pane-header="true"
        id="paneHeadersetting-adjustments-pane"
        role="region"
        tabindex="-1"
      >
        <div
          class="paneHeaderCenter"
        >
          <div
            class="paneHeaderCenterInner"
            id="paneHeadersetting-adjustments-pane-pane-title"
          >
            <h2
              class="paneTitle"
              data-test-pane-header-title="true"
            >
              <span
                class="paneTitleLabel"
              >
                <span>
                  adjustments
                </span>
              </span>
            </h2>
          </div>
        </div>
        <div
          class="paneHeaderButtonsArea last"
        >
          <a
            class="button primary paneHeaderNewButton marginBottom0"
            data-test-new-adjustment-button="true"
            href="/path/create"
            role="button"
          >
            ui-invoice.button.new
          </a>
        </div>
      </div>
      <div
        class="paneContent hasPadding"
        id="setting-adjustments-pane-content"
        tabindex="-1"
      >
        <nav
          class="navListSectionControl"
          data-test-nav-list="true"
        >
          <a
            class="NavListItem"
            data-test-nav-list-item="true"
            href="/path/adjustmentId/view"
          />
        </nav>
      </div>
    </section>
  </div>
</DocumentFragment>
`;
