// Jest Snapshot v1, https://goo.gl/fbAQLP

exports[`AdjustmentsForm should render correct structure with defined adjustments 1`] = `
<DocumentFragment>
  <form>
    <div
      class="row"
    >
      <div
        class="col-xs-12"
      >
        <div>
          <label
            class="label"
            for="downshift-:r1:-input"
            id="sl-label-selection-:r0:"
          >
            ui-invoice.adjustment.presetAdjustment
          </label>
          <div
            class="selectionControlContainer"
          >
            <div
              class="inputGroup"
            >
              <button
                aria-controls="downshift-:r1:-menu"
                aria-expanded="false"
                aria-labelledby="sl-label-selection-:r0: selected-selection-:r0:-item"
                class="selectionControl formControl"
                id="selection-:r0:"
                type="button"
              >
                <span
                  class="sr-only"
                >
                  stripes-components.selection.controlLabel
                </span>
                <div
                  class="singleValue"
                  id="selected-selection-:r0:-item"
                />
              </button>
              <div
                class="selectionEndControls"
              >
                <div
                  class="textFieldIcon"
                >
                  <span>
                    Icon
                  </span>
                </div>
              </div>
            </div>
            <div
              role="alert"
            />
          </div>
          <div
            class="overlay"
            hidden=""
          >
            <div
              class="selectionListRoot"
              id="sl-container-selection-:r0:"
              style="width: 0px;"
            >
              <div
                class="selectionFilterContainer"
              >
                <input
                  aria-activedescendant=""
                  aria-autocomplete="list"
                  aria-controls="downshift-:r1:-menu"
                  aria-expanded="false"
                  aria-label="stripes-components.selection.filterOptionsLabel"
                  aria-labelledby="downshift-:r1:-label"
                  autocomplete="off"
                  class="selectionFilter"
                  id="downshift-:r1:-input"
                  placeholder="stripes-components.selection.filterOptionsPlaceholder"
                  role="combobox"
                  type="text"
                  value=""
                />
              </div>
              <ul
                aria-labelledby="sl-label-selection-:r0:"
                class="selectionList"
                id="downshift-:r1:-menu"
                role="listbox"
                style="max-height: 174px;"
                tabindex="-1"
              />
            </div>
          </div>
        </div>
      </div>
      <div
        class="col-xs-12"
      >
        <fieldset
          class="repeatableField hasMargin"
          data-test-repeatable-field="true"
          id="adjustments"
          tabindex="-1"
        >
          <ul
            class="repeatableFieldList"
            data-test-repeatable-field-list="true"
          >
            <li
              class="repeatableFieldItem"
              data-test-repeatable-field-list-item="true"
            >
              <div
                class="repeatableFieldItemContent"
              >
                <div
                  class="card default"
                >
                  <div
                    class="header default"
                    data-test-card-header="true"
                  >
                    <span
                      class="headerStart"
                      data-test-card-header-start="true"
                    >
                      ui-invoice.adjustment.headerLabel
                    </span>
                    <span
                      data-test-card-header-end="true"
                    >
                      <button
                        aria-label="stripes-components.deleteThisItem"
                        class="iconButton medium"
                        data-test-repeatable-field-remove-item-button="true"
                        icon="trash"
                        type="button"
                      >
                        <span
                          class="iconButtonInner mediumOffset"
                          data-test-repeatable-field-remove-item-button="true"
                        >
                          <span>
                            Icon
                          </span>
                        </span>
                      </button>
                    </span>
                  </div>
                  <div
                    class="body "
                    data-test-card-body="true"
                  >
                    <div
                      class="row"
                    >
                      <div
                        class="col-xs"
                        data-test-adjustment-description="true"
                      >
                        <div
                          class="textField"
                        >
                          <label
                            class="label"
                            for="adjustments[0].description"
                          >
                            ui-invoice.adjustment.description
                            <span
                              aria-hidden="true"
                              class="asterisk"
                            >
                              *
                            </span>
                          </label>
                          <div
                            class="formControl inputGroup"
                          >
                            <input
                              aria-invalid="false"
                              aria-required="true"
                              autocapitalize="off"
                              autocomplete="off"
                              autocorrect="off"
                              error=""
                              id="adjustments[0].description"
                              name="adjustments[0].description"
                              required=""
                              spellcheck="false"
                              type="text"
                              value=""
                              warning=""
                            />
                          </div>
                          <div
                            role="alert"
                          />
                        </div>
                      </div>
                      <div
                        class="col-xs"
                        data-test-adjustment-amount="true"
                      >
                        <div
                          class="textField"
                        >
                          <label
                            class="label"
                            for="adjustments[0].value"
                          >
                            ui-invoice.adjustment.value
                            <span
                              aria-hidden="true"
                              class="asterisk"
                            >
                              *
                            </span>
                          </label>
                          <div
                            class="formControl inputGroup"
                          >
                            <input
                              aria-invalid="false"
                              aria-required="true"
                              autocapitalize="off"
                              autocomplete="off"
                              autocorrect="off"
                              error=""
                              id="adjustments[0].value"
                              name="adjustments[0].value"
                              required=""
                              spellcheck="false"
                              type="number"
                              value="25.5"
                              warning=""
                            />
                          </div>
                          <div
                            role="alert"
                          />
                        </div>
                      </div>
                      <div
                        class="col-xs"
                      >
                        <div
                          class="kvRoot"
                        >
                          <div
                            class="kvLabel"
                          >
                            ui-invoice.settings.adjustments.type
                          </div>
                          <div
                            class="kvValue"
                            data-test-kv-value="true"
                          >
                            <div
                              class="buttonGroup fullWidth"
                              data-test-adjustments-type="true"
                            >
                              <button
                                class="button default"
                                data-test-adjustments-type-percent="true"
                                type="button"
                              >
                                <span
                                  class="inner"
                                >
                                  ui-invoice.adjustment.type.sign.percent
                                </span>
                              </button>
                              <button
                                class="button primary"
                                data-test-adjustments-type-amount="true"
                                type="button"
                              >
                                <span
                                  class="inner"
                                >
                                  $
                                </span>
                              </button>
                            </div>
                          </div>
                        </div>
                      </div>
                      <div
                        class="col-xs"
                      >
                        <div
                          class="select inputGroup fullWidth"
                        >
                          <label
                            class="label"
                            for="select-1"
                            id="select-1-label"
                          >
                            ui-invoice.settings.adjustments.prorate
                            <span
                              aria-hidden="true"
                              class="asterisk"
                            >
                              *
                            </span>
                          </label>
                          <div
                            class="selectWrap"
                          >
                            <select
                              aria-invalid="false"
                              aria-labelledby="select-1-label"
                              aria-required="true"
                              class="selectControl formControl"
                              id="select-1"
                              name="adjustments[0].prorate"
                              required=""
                            >
                              <option
                                value=""
                              >
                                stripes-acq-components.label.emptyValue
                              </option>
                              <option
                                value="By line"
                              >
                                ui-invoice.adjustments.prorate.byLine
                              </option>
                              <option
                                value="By amount"
                              >
                                ui-invoice.adjustments.prorate.byAmount
                              </option>
                              <option
                                value="By quantity"
                              >
                                ui-invoice.adjustments.prorate.byQuantity
                              </option>
                              <option
                                value="Not prorated"
                              >
                                ui-invoice.adjustments.prorate.notProrated
                              </option>
                            </select>
                            <span>
                              Icon
                            </span>
                          </div>
                          <div
                            role="alert"
                          />
                        </div>
                      </div>
                      <div
                        class="col-xs"
                        data-test-adjustment-relation-to-total="true"
                      >
                        <div
                          class="select inputGroup fullWidth"
                        >
                          <label
                            class="label"
                            for="select-2"
                            id="select-2-label"
                          >
                            ui-invoice.settings.adjustments.relationToTotal
                            <span
                              aria-hidden="true"
                              class="asterisk"
                            >
                              *
                            </span>
                          </label>
                          <div
                            class="selectWrap"
                          >
                            <select
                              aria-invalid="false"
                              aria-labelledby="select-2-label"
                              aria-required="true"
                              class="selectControl formControl"
                              id="select-2"
                              name="adjustments[0].relationToTotal"
                              required=""
                            >
                              <option
                                value=""
                              >
                                stripes-acq-components.label.emptyValue
                              </option>
                              <option
                                value="In addition to"
                              >
                                ui-invoice.adjustments.relationToTotal.inAdditionTo
                              </option>
                              <option
                                value="Included in"
                              >
                                ui-invoice.adjustments.relationToTotal.includedIn
                              </option>
                              <option
                                value="Separate from"
                              >
                                ui-invoice.adjustments.relationToTotal.separateFrom
                              </option>
                            </select>
                            <span>
                              Icon
                            </span>
                          </div>
                          <div
                            role="alert"
                          />
                        </div>
                      </div>
                      <div
                        class="col-xs"
                        data-test-adjustment-export-to-accounting="true"
                      >
                        <div
                          class="checkbox inline vertical"
                          data-test-checkbox="true"
                        >
                          <label
                            class="label label checkboxInteractionStylesControl"
                            for="checkbox-3"
                          >
                            <span
                              class="labelText"
                            >
                              ui-invoice.settings.adjustments.exportToAccounting
                            </span>
                            <span
                              class="inner checkboxInteractionStyles"
                            >
                              <input
                                aria-invalid="false"
                                class="input"
                                id="checkbox-3"
                                name="adjustments[0].exportToAccounting"
                                type="checkbox"
                                value=""
                              />
                              <span
                                class="checkboxIcon"
                              >
                                <svg
                                  height="10"
                                  viewBox="0 0 14 14"
                                  width="10"
                                  xmlns="http://www.w3.org/2000/svg"
                                >
                                  <path
                                    d="M10.395 4.617L5.63 9.383 3.605 7.358"
                                    fill="none"
                                    stroke-linecap="round"
                                    stroke-linejoin="round"
                                    stroke-miterlimit="10"
                                    stroke-width="1.5"
                                  />
                                </svg>
                              </span>
                            </span>
                          </label>
                          <div
                            role="alert"
                          />
                        </div>
                      </div>
                    </div>
                  </div>
                </div>
              </div>
            </li>
          </ul>
          <button
            class="button default"
            data-test-repeatable-field-add-item-button="true"
            id="adjustments-add-button"
            type="button"
          >
            <span
              class="inner"
            >
              ui-invoice.button.addAdjustment
            </span>
          </button>
        </fieldset>
      </div>
    </div>
  </form>
</DocumentFragment>
`;

exports[`AdjustmentsForm should render correct structure without adjustments 1`] = `
<DocumentFragment>
  <form>
    <div
      class="row"
    >
      <div
        class="col-xs-12"
      >
        <div>
          <label
            class="label"
            for="downshift-:r3:-input"
            id="sl-label-selection-:r2:"
          >
            ui-invoice.adjustment.presetAdjustment
          </label>
          <div
            class="selectionControlContainer"
          >
            <div
              class="inputGroup"
            >
              <button
                aria-controls="downshift-:r3:-menu"
                aria-expanded="false"
                aria-labelledby="sl-label-selection-:r2: selected-selection-:r2:-item"
                class="selectionControl formControl"
                id="selection-:r2:"
                type="button"
              >
                <span
                  class="sr-only"
                >
                  stripes-components.selection.controlLabel
                </span>
                <div
                  class="singleValue"
                  id="selected-selection-:r2:-item"
                />
              </button>
              <div
                class="selectionEndControls"
              >
                <div
                  class="textFieldIcon"
                >
                  <span>
                    Icon
                  </span>
                </div>
              </div>
            </div>
            <div
              role="alert"
            />
          </div>
          <div
            class="overlay"
            hidden=""
          >
            <div
              class="selectionListRoot"
              id="sl-container-selection-:r2:"
            >
              <div
                class="selectionFilterContainer"
              >
                <input
                  aria-activedescendant=""
                  aria-autocomplete="list"
                  aria-controls="downshift-:r3:-menu"
                  aria-expanded="false"
                  aria-label="stripes-components.selection.filterOptionsLabel"
                  aria-labelledby="downshift-:r3:-label"
                  autocomplete="off"
                  class="selectionFilter"
                  id="downshift-:r3:-input"
                  placeholder="stripes-components.selection.filterOptionsPlaceholder"
                  role="combobox"
                  type="text"
                  value=""
                />
              </div>
              <ul
                aria-labelledby="sl-label-selection-:r2:"
                class="selectionList"
                id="downshift-:r3:-menu"
                role="listbox"
                style="max-height: 174px;"
                tabindex="-1"
              />
            </div>
          </div>
        </div>
      </div>
      <div
        class="col-xs-12"
      >
        <fieldset
          class="repeatableField hasMargin"
          data-test-repeatable-field="true"
          id="adjustments"
          tabindex="-1"
        >
          <button
            class="button default"
            data-test-repeatable-field-add-item-button="true"
            id="adjustments-add-button"
            type="button"
          >
            <span
              class="inner"
            >
              ui-invoice.button.addAdjustment
            </span>
          </button>
        </fieldset>
      </div>
    </div>
  </form>
</DocumentFragment>
`;
