// Jest Snapshot v1, https://goo.gl/fbAQLP

exports[`AdjustmentsForm should render correct structure with defined adjustments 1`] = `
<DocumentFragment>
  <form>
    <div
      class="row"
    >
      <div
        class="col-xs-12"
      >
        <div
          class="tether-target tether-abutted tether-abutted-left tether-abutted-right tether-abutted-top tether-abutted-bottom tether-element-attached-top tether-element-attached-center tether-target-attached-bottom tether-target-attached-center tether-enabled"
          style="position: relative; width: 100%;"
        >
          <div
            aria-live="assertive"
            aria-relevant="additions"
            class="sr-only"
          />
          <label
            class="label"
            for="stripes-selection-1"
            id="sl-label-stripes-selection-1"
          >
            ui-invoice.adjustment.presetAdjustment
          </label>
          <div
            class="selectionControlContainer"
          >
            <button
              aria-disabled="false"
              aria-expanded="false"
              aria-haspopup="listbox"
              aria-labelledby="sl-label-stripes-selection-1 selected-stripes-selection-1-item"
              aria-owns="sl-undefined"
              class="selectionControl formControl"
              id="stripes-selection-1"
              type="button"
            >
              <div
                class="singleValue"
                id="selected-stripes-selection-1-item"
              />
            </button>
            <div
              class="selectionEndControls"
            >
              <div
                class="textFieldIcon"
              >
                <span>
                  Icon
                </span>
              </div>
            </div>
          </div>
          <div
            role="alert"
          />
        </div>
      </div>
      <div
        class="col-xs-12"
      >
        <fieldset
          class="repeatableField hasMargin"
          data-test-repeatable-field="true"
          id="adjustments"
        >
          <ul
            class="repeatableFieldList"
            data-test-repeatable-field-list="true"
          >
            <li
              class="repeatableFieldItem"
              data-test-repeatable-field-list-item="true"
            >
              <div
                class="repeatableFieldItemContent"
              >
                <div
                  class="card default"
                >
                  <div
                    class="header default"
                    data-test-card-header="true"
                  >
                    <span
                      class="headerStart"
                      data-test-card-header-start="true"
                    >
                      ui-invoice.adjustment.headerLabel
                    </span>
                    <span
                      data-test-card-header-end="true"
                    >
                      <button
                        aria-label="stripes-components.deleteThisItem"
                        class="iconButton medium"
                        data-test-repeatable-field-remove-item-button="true"
                        icon="trash"
                        type="button"
                      >
                        <span
                          class="iconButtonInner mediumOffset"
                          data-test-repeatable-field-remove-item-button="true"
                        >
                          <span>
                            Icon
                          </span>
                        </span>
                      </button>
                    </span>
                  </div>
                  <div
                    class="body "
                    data-test-card-body="true"
                  >
                    <div
                      class="row"
                    >
                      <div
                        class="col-xs"
                        data-test-adjustment-description="true"
                      >
                        <div
                          class="textField"
                        >
                          <label
                            class="label"
                            for="adjustments[0].description"
                          >
                            ui-invoice.adjustment.description
                            <span
                              aria-hidden="true"
                              class="asterisk"
                            >
                              *
                            </span>
                          </label>
                          <div
                            class="formControl inputGroup"
                          >
                            <input
                              aria-invalid="false"
                              aria-required="true"
                              autocapitalize="off"
                              autocomplete="off"
                              autocorrect="off"
                              error=""
                              id="adjustments[0].description"
                              name="adjustments[0].description"
                              required=""
                              spellcheck="false"
                              type="text"
                              value=""
                              warning=""
                            />
                          </div>
                          <div
                            role="alert"
                          />
                        </div>
                      </div>
                      <div
                        class="col-xs"
                        data-test-adjustment-amount="true"
                      >
                        <div
                          class="textField"
                        >
                          <label
                            class="label"
                            for="adjustments[0].value"
                          >
                            ui-invoice.adjustment.amount
                            <span
                              aria-hidden="true"
                              class="asterisk"
                            >
                              *
                            </span>
                          </label>
                          <div
                            class="formControl inputGroup"
                          >
                            <input
                              aria-invalid="false"
                              aria-required="true"
                              autocapitalize="off"
                              autocomplete="off"
                              autocorrect="off"
                              error=""
                              id="adjustments[0].value"
                              name="adjustments[0].value"
                              required=""
                              spellcheck="false"
                              type="number"
                              value="25.5"
                              warning=""
                            />
                          </div>
                          <div
                            role="alert"
                          />
                        </div>
                      </div>
                      <div
                        class="col-xs"
                      >
                        <div
                          class="kvRoot"
                        >
                          <div
                            class="kvLabel"
                          >
                            ui-invoice.settings.adjustments.type
                          </div>
                          <div
                            class="kvValue"
                            data-test-kv-value="true"
                          >
                            <div
                              class="buttonGroup fullWidth"
                              data-test-adjustments-type="true"
                            >
                              <button
                                class="button default"
                                data-test-adjustments-type-percent="true"
                                type="button"
                              >
                                <span
                                  class="inner"
                                >
                                  ui-invoice.adjustment.type.sign.percent
                                </span>
                              </button>
                              <button
                                class="button primary"
                                data-test-adjustments-type-amount="true"
                                type="button"
                              >
                                <span
                                  class="inner"
                                >
                                  $
                                </span>
                              </button>
                            </div>
                          </div>
                        </div>
                      </div>
                      <div
                        class="col-xs"
                      >
                        <div
                          class="select inputGroup fullWidth"
                        >
                          <label
                            class="label"
                            for="select-2"
                            id="select-2-label"
                          >
                            ui-invoice.settings.adjustments.prorate
                            <span
                              aria-hidden="true"
                              class="asterisk"
                            >
                              *
                            </span>
                          </label>
                          <div
                            class="selectWrap"
                          >
                            <select
                              aria-invalid="false"
                              aria-labelledby="select-2-label"
                              aria-required="true"
                              class="selectControl formControl"
                              id="select-2"
                              name="adjustments[0].prorate"
                              required=""
                            >
                              <option
                                value=""
                              >
                                stripes-acq-components.label.emptyValue
                              </option>
                              <option
                                value="By line"
                              >
                                ui-invoice.adjustments.prorate.byLine
                              </option>
                              <option
                                value="By amount"
                              >
                                ui-invoice.adjustments.prorate.byAmount
                              </option>
                              <option
                                value="By quantity"
                              >
                                ui-invoice.adjustments.prorate.byQuantity
                              </option>
                              <option
                                value="Not prorated"
                              >
                                ui-invoice.adjustments.prorate.notProrated
                              </option>
                            </select>
                            <span>
                              Icon
                            </span>
                          </div>
                          <div
                            role="alert"
                          />
                        </div>
                      </div>
                      <div
                        class="col-xs"
                        data-test-adjustment-relation-to-total="true"
                      >
                        <div
                          class="select inputGroup fullWidth"
                        >
                          <label
                            class="label"
                            for="select-3"
                            id="select-3-label"
                          >
                            ui-invoice.settings.adjustments.relationToTotal
                            <span
                              aria-hidden="true"
                              class="asterisk"
                            >
                              *
                            </span>
                          </label>
                          <div
                            class="selectWrap"
                          >
                            <select
                              aria-invalid="false"
                              aria-labelledby="select-3-label"
                              aria-required="true"
                              class="selectControl formControl"
                              id="select-3"
                              name="adjustments[0].relationToTotal"
                              required=""
                            >
                              <option
                                value=""
                              >
                                stripes-acq-components.label.emptyValue
                              </option>
                              <option
                                value="In addition to"
                              >
                                ui-invoice.adjustments.relationToTotal.inAdditionTo
                              </option>
                              <option
                                value="Included in"
                              >
                                ui-invoice.adjustments.relationToTotal.includedIn
                              </option>
                              <option
                                value="Separate from"
                              >
                                ui-invoice.adjustments.relationToTotal.separateFrom
                              </option>
                            </select>
                            <span>
                              Icon
                            </span>
                          </div>
                          <div
                            role="alert"
                          />
                        </div>
                      </div>
                      <div
                        class="col-xs"
                        data-test-adjustment-export-to-accounting="true"
                      >
                        <div
                          class="checkbox inline vertical"
                          data-test-checkbox="true"
                        >
                          <label
                            class="label label checkboxInteractionStylesControl"
                            for="checkbox-4"
                          >
                            <span
                              class="labelText"
                            >
                              ui-invoice.settings.adjustments.exportToAccounting
                            </span>
                            <span
                              class="inner checkboxInteractionStyles"
                            >
                              <input
                                aria-invalid="false"
                                class="input"
                                id="checkbox-4"
                                name="adjustments[0].exportToAccounting"
                                type="checkbox"
                                value=""
                              />
                              <span
                                class="checkboxIcon"
                              >
                                <svg
                                  height="10"
                                  viewBox="0 0 14 14"
                                  width="10"
                                  xmlns="http://www.w3.org/2000/svg"
                                >
                                  <path
                                    d="M10.395 4.617L5.63 9.383 3.605 7.358"
                                    fill="none"
                                    stroke-linecap="round"
                                    stroke-linejoin="round"
                                    stroke-miterlimit="10"
                                    stroke-width="1.5"
                                  />
                                </svg>
                              </span>
                            </span>
                          </label>
                          <div
                            role="alert"
                          />
                        </div>
                      </div>
                    </div>
                  </div>
                </div>
              </div>
            </li>
          </ul>
          <button
            class="button default"
            data-test-repeatable-field-add-item-button="true"
            id="adjustments-add-button"
            type="button"
          >
            <span
              class="inner"
            >
              ui-invoice.button.addAdjustment
            </span>
          </button>
        </fieldset>
      </div>
    </div>
  </form>
  <div />
</DocumentFragment>
`;

exports[`AdjustmentsForm should render correct structure without adjustments 1`] = `
<DocumentFragment>
  <form>
    <div
      class="row"
    >
      <div
        class="col-xs-12"
      >
        <div
          class="tether-target tether-enabled tether-abutted tether-abutted-left tether-abutted-right tether-abutted-top tether-abutted-bottom tether-element-attached-top tether-element-attached-center tether-target-attached-bottom tether-target-attached-center"
          style="position: relative; width: 100%;"
        >
          <div
            aria-live="assertive"
            aria-relevant="additions"
            class="sr-only"
          />
          <label
            class="label"
            for="stripes-selection-5"
            id="sl-label-stripes-selection-5"
          >
            ui-invoice.adjustment.presetAdjustment
          </label>
          <div
            class="selectionControlContainer"
          >
            <button
              aria-disabled="false"
              aria-expanded="false"
              aria-haspopup="listbox"
              aria-labelledby="sl-label-stripes-selection-5 selected-stripes-selection-5-item"
              aria-owns="sl-undefined"
              class="selectionControl formControl"
              id="stripes-selection-5"
              type="button"
            >
              <div
                class="singleValue"
                id="selected-stripes-selection-5-item"
              />
            </button>
            <div
              class="selectionEndControls"
            >
              <div
                class="textFieldIcon"
              >
                <span>
                  Icon
                </span>
              </div>
            </div>
          </div>
          <div
            role="alert"
          />
        </div>
      </div>
      <div
        class="col-xs-12"
      >
        <fieldset
          class="repeatableField hasMargin"
          data-test-repeatable-field="true"
          id="adjustments"
        >
          <button
            class="button default"
            data-test-repeatable-field-add-item-button="true"
            id="adjustments-add-button"
            type="button"
          >
            <span
              class="inner"
            >
              ui-invoice.button.addAdjustment
            </span>
          </button>
        </fieldset>
      </div>
    </div>
  </form>
  <div />
</DocumentFragment>
`;
