// Jest Snapshot v1, https://goo.gl/fbAQLP

exports[`BatchGroupConfigurationForm component should render correct structure 1`] = `
<DocumentFragment>
  <section
    class="pane focusIndicator"
    data-test-batch-group-configuration-settings="true"
    id="pane-batch-group-configuration"
    tabindex="-1"
  >
    <div
      aria-labelledby="paneHeaderpane-batch-group-configuration-pane-title"
      class="paneHeader"
      data-test-pane-header="true"
      id="paneHeaderpane-batch-group-configuration"
      tabindex="-1"
    >
      <div
        class="paneHeaderCenter"
      >
        <div
          class="paneHeaderCenterInner"
          id="paneHeaderpane-batch-group-configuration-pane-title"
        >
          <h2
            class="paneTitle"
            data-test-pane-header-title="true"
          >
            <span
              class="paneTitleLabel"
            >
              ui-invoice.settings.batchGroupConfiguration.label
            </span>
          </h2>
        </div>
      </div>
    </div>
    <div
      class="paneContent hasPadding"
      id="pane-batch-group-configuration-content"
      tabindex="-1"
    >
      <div
        class="row"
      >
        <div
          class="col-xs-4"
          data-test-col-batch-group-field="true"
        >
          <div
            class="kvRoot"
            data-test-batch-group-value="true"
          >
            <div
              class="kvLabel"
            >
              ui-invoice.settings.batchGroupConfiguration.batchGroup
            </div>
            <div
              class="kvValue"
              data-test-kv-value="true"
            >
              Amherst College (AC)
            </div>
          </div>
        </div>
      </div>
      <div
        class="row"
      >
        <div
          class="col-xs-4"
          data-test-col-schedule-export="true"
        >
          <div
            class="select inputGroup fullWidth"
          >
            <label
              class="label"
              for="select-2"
              id="select-2-label"
            >
              ui-invoice.settings.batchGroupConfiguration.scheduleExport
            </label>
            <div
              class="selectWrap"
            >
              <select
                aria-invalid="false"
                aria-labelledby="select-2-label"
                aria-required="false"
                class="selectControl formControl"
                id="select-2"
                name="scheduleExport"
              >
                <option
                  value=""
                >
                  stripes-acq-components.label.emptyValue
                </option>
                <option
                  value="daily"
                >
                  ui-invoice.settings.batchGroupConfiguration.scheduleExport.daily
                </option>
                <option
                  value="weekly"
                >
                  ui-invoice.settings.batchGroupConfiguration.scheduleExport.weekly
                </option>
              </select>
              <span>
                Icon
              </span>
            </div>
            <div
              role="alert"
            />
          </div>
        </div>
      </div>
      <div
        class="row"
      >
        <div
          class="col-xs-12"
          data-test-col-weekdays="true"
        >
          <label
            class="label"
          >
            ui-invoice.settings.batchGroupConfiguration.on
            <span
              aria-hidden="true"
              class="asterisk"
            >
              *
            </span>
          </label>
          <div
            class="checkbox inline vertical"
            data-test-checkbox="true"
          >
            <label
              class="label label checkboxInteractionStylesControl"
              for="checkbox-12"
            >
              <span
                class="labelText"
              >
                ui-invoice.settings.batchGroupConfiguration.weekdays.Sunday
              </span>
              <span
                class="inner checkboxInteractionStyles"
              >
                <input
                  aria-invalid="false"
                  class="input"
                  id="checkbox-12"
                  name="weekdays[Sunday]"
                  type="checkbox"
                  value=""
                />
                <span
                  class="checkboxIcon"
                >
                  <svg
                    height="10"
                    viewBox="0 0 14 14"
                    width="10"
                    xmlns="http://www.w3.org/2000/svg"
                  >
                    <path
                      d="M10.395 4.617L5.63 9.383 3.605 7.358"
                      fill="none"
                      stroke-linecap="round"
                      stroke-linejoin="round"
                      stroke-miterlimit="10"
                      stroke-width="1.5"
                    />
                  </svg>
                </span>
              </span>
            </label>
            <div
              role="alert"
            />
          </div>
          <div
            class="checkbox inline vertical"
            data-test-checkbox="true"
          >
            <label
              class="label label checkboxInteractionStylesControl"
              for="checkbox-13"
            >
              <span
                class="labelText"
              >
                ui-invoice.settings.batchGroupConfiguration.weekdays.Monday
              </span>
              <span
                class="inner checkboxInteractionStyles"
              >
                <input
                  aria-invalid="false"
                  class="input"
                  id="checkbox-13"
                  name="weekdays[Monday]"
                  type="checkbox"
                  value=""
                />
                <span
                  class="checkboxIcon"
                >
                  <svg
                    height="10"
                    viewBox="0 0 14 14"
                    width="10"
                    xmlns="http://www.w3.org/2000/svg"
                  >
                    <path
                      d="M10.395 4.617L5.63 9.383 3.605 7.358"
                      fill="none"
                      stroke-linecap="round"
                      stroke-linejoin="round"
                      stroke-miterlimit="10"
                      stroke-width="1.5"
                    />
                  </svg>
                </span>
              </span>
            </label>
            <div
              role="alert"
            />
          </div>
          <div
            class="checkbox inline vertical"
            data-test-checkbox="true"
          >
            <label
              class="label label checkboxInteractionStylesControl"
              for="checkbox-14"
            >
              <span
                class="labelText"
              >
                ui-invoice.settings.batchGroupConfiguration.weekdays.Tuesday
              </span>
              <span
                class="inner checkboxInteractionStyles"
              >
                <input
                  aria-invalid="false"
                  class="input"
                  id="checkbox-14"
                  name="weekdays[Tuesday]"
                  type="checkbox"
                  value=""
                />
                <span
                  class="checkboxIcon"
                >
                  <svg
                    height="10"
                    viewBox="0 0 14 14"
                    width="10"
                    xmlns="http://www.w3.org/2000/svg"
                  >
                    <path
                      d="M10.395 4.617L5.63 9.383 3.605 7.358"
                      fill="none"
                      stroke-linecap="round"
                      stroke-linejoin="round"
                      stroke-miterlimit="10"
                      stroke-width="1.5"
                    />
                  </svg>
                </span>
              </span>
            </label>
            <div
              role="alert"
            />
          </div>
          <div
            class="checkbox inline vertical"
            data-test-checkbox="true"
          >
            <label
              class="label label checkboxInteractionStylesControl"
              for="checkbox-15"
            >
              <span
                class="labelText"
              >
                ui-invoice.settings.batchGroupConfiguration.weekdays.Wednesday
              </span>
              <span
                class="inner checkboxInteractionStyles"
              >
                <input
                  aria-invalid="false"
                  class="input"
                  id="checkbox-15"
                  name="weekdays[Wednesday]"
                  type="checkbox"
                  value=""
                />
                <span
                  class="checkboxIcon"
                >
                  <svg
                    height="10"
                    viewBox="0 0 14 14"
                    width="10"
                    xmlns="http://www.w3.org/2000/svg"
                  >
                    <path
                      d="M10.395 4.617L5.63 9.383 3.605 7.358"
                      fill="none"
                      stroke-linecap="round"
                      stroke-linejoin="round"
                      stroke-miterlimit="10"
                      stroke-width="1.5"
                    />
                  </svg>
                </span>
              </span>
            </label>
            <div
              role="alert"
            />
          </div>
          <div
            class="checkbox inline vertical"
            data-test-checkbox="true"
          >
            <label
              class="label label checkboxInteractionStylesControl"
              for="checkbox-16"
            >
              <span
                class="labelText"
              >
                ui-invoice.settings.batchGroupConfiguration.weekdays.Thursday
              </span>
              <span
                class="inner checkboxInteractionStyles"
              >
                <input
                  aria-invalid="false"
                  class="input"
                  id="checkbox-16"
                  name="weekdays[Thursday]"
                  type="checkbox"
                  value=""
                />
                <span
                  class="checkboxIcon"
                >
                  <svg
                    height="10"
                    viewBox="0 0 14 14"
                    width="10"
                    xmlns="http://www.w3.org/2000/svg"
                  >
                    <path
                      d="M10.395 4.617L5.63 9.383 3.605 7.358"
                      fill="none"
                      stroke-linecap="round"
                      stroke-linejoin="round"
                      stroke-miterlimit="10"
                      stroke-width="1.5"
                    />
                  </svg>
                </span>
              </span>
            </label>
            <div
              role="alert"
            />
          </div>
          <div
            class="checkbox inline vertical"
            data-test-checkbox="true"
          >
            <label
              class="label label checkboxInteractionStylesControl"
              for="checkbox-17"
            >
              <span
                class="labelText"
              >
                ui-invoice.settings.batchGroupConfiguration.weekdays.Friday
              </span>
              <span
                class="inner checkboxInteractionStyles"
              >
                <input
                  aria-invalid="false"
                  class="input"
                  id="checkbox-17"
                  name="weekdays[Friday]"
                  type="checkbox"
                  value=""
                />
                <span
                  class="checkboxIcon"
                >
                  <svg
                    height="10"
                    viewBox="0 0 14 14"
                    width="10"
                    xmlns="http://www.w3.org/2000/svg"
                  >
                    <path
                      d="M10.395 4.617L5.63 9.383 3.605 7.358"
                      fill="none"
                      stroke-linecap="round"
                      stroke-linejoin="round"
                      stroke-miterlimit="10"
                      stroke-width="1.5"
                    />
                  </svg>
                </span>
              </span>
            </label>
            <div
              role="alert"
            />
          </div>
          <div
            class="checkbox inline vertical"
            data-test-checkbox="true"
          >
            <label
              class="label label checkboxInteractionStylesControl"
              for="checkbox-18"
            >
              <span
                class="labelText"
              >
                ui-invoice.settings.batchGroupConfiguration.weekdays.Saturday
              </span>
              <span
                class="inner checkboxInteractionStyles"
              >
                <input
                  aria-invalid="false"
                  class="input"
                  id="checkbox-18"
                  name="weekdays[Saturday]"
                  type="checkbox"
                  value=""
                />
                <span
                  class="checkboxIcon"
                >
                  <svg
                    height="10"
                    viewBox="0 0 14 14"
                    width="10"
                    xmlns="http://www.w3.org/2000/svg"
                  >
                    <path
                      d="M10.395 4.617L5.63 9.383 3.605 7.358"
                      fill="none"
                      stroke-linecap="round"
                      stroke-linejoin="round"
                      stroke-miterlimit="10"
                      stroke-width="1.5"
                    />
                  </svg>
                </span>
              </span>
            </label>
            <div
              role="alert"
            />
          </div>
        </div>
      </div>
      <div
        class="row"
      >
        <div
          class="col-xs-4"
          data-test-col-time="true"
        >
          <div
            style="position: relative; width: 100%;"
          >
            <div
              aria-live="assertive"
              aria-relevant="additions"
              class="sr-only"
            >
              <div />
            </div>
            <div
              class="textField"
            >
              <label
                class="label"
                for="timepick-10"
              >
                ui-invoice.settings.batchGroupConfiguration.setTime
                <span
                  aria-hidden="true"
                  class="asterisk"
                >
                  *
                </span>
              </label>
              <div
                class="formControl inputGroup"
              >
                <input
                  aria-invalid="false"
                  aria-label="[object Object] format is h:m m  A use arrow keys to navigate dates. Enter key to confirm. "
                  aria-required="true"
                  autocapitalize="off"
                  autocomplete="off"
                  autocorrect="off"
                  data-test-timepicker-input="true"
                  error=""
                  id="timepick-10"
                  name="startTime"
                  placeholder=" h:mm A"
                  required=""
                  spellcheck="false"
                  type="text"
                  value=""
                  warning=""
                />
                <div
                  class="endControls"
                >
                  <div
                    class="controlGroup"
                  >
                    <button
                      aria-label="stripes-components.showOrHideTimepicker"
                      class="iconButton medium"
                      icon="clock"
                      id="timepicker-toggle-button-timepick-10"
                      tabindex="-1"
                      type="button"
                    >
                      <span
                        class="iconButtonInner mediumOffset"
                      >
                        <span>
                          Icon
                        </span>
                      </span>
                    </button>
                  </div>
                </div>
              </div>
              <div
                role="alert"
              />
            </div>
          </div>
        </div>
      </div>
      <div
        class="row"
      >
        <div
          class="col-xs-8"
          data-test-col-upload-location="true"
        >
          <div
            class="textField"
          >
            <label
              class="label"
              for="uploadURI"
            >
              ui-invoice.settings.batchGroupConfiguration.uploadLocation
            </label>
            <div
              class="formControl inputGroup"
            >
              <input
                aria-invalid="false"
                autocapitalize="off"
                autocomplete="off"
                autocorrect="off"
                error=""
                id="uploadURI"
                name="uploadURI"
                spellcheck="false"
                type="text"
                value="https://folio.com"
                warning=""
              />
            </div>
            <div
              role="alert"
            />
          </div>
        </div>
        <div
          class="col-xs-4"
          data-test-col-format="true"
        >
          <div
            class="select inputGroup fullWidth"
          >
            <label
              class="label"
              for="select-11"
              id="select-11-label"
            >
              ui-invoice.settings.batchGroupConfiguration.format
              <span
                aria-hidden="true"
                class="asterisk"
              >
                *
              </span>
            </label>
            <div
              class="selectWrap"
            >
              <select
                aria-invalid="false"
                aria-labelledby="select-11-label"
                aria-required="true"
                class="selectControl formControl"
                id="select-11"
                name="format"
                required=""
              >
                <option
                  value=""
                >
                  stripes-acq-components.label.emptyValue
                </option>
                <option
                  value="Application/json"
                >
                  ui-invoice.settings.batchGroupConfiguration.format.Application/json
                </option>
                <option
                  value="Application/xml"
                >
                  ui-invoice.settings.batchGroupConfiguration.format.Application/xml
                </option>
              </select>
              <span>
                Icon
              </span>
            </div>
            <div
              role="alert"
            />
          </div>
        </div>
      </div>
      <div
        class="row bottom-xs"
      >
        <div
          class="col-xs-4"
          data-test-col-username="true"
        >
          <div
            class="textField"
          >
            <label
              class="label"
              for="username"
            >
              ui-invoice.settings.batchGroupConfiguration.username
            </label>
            <div
              class="formControl inputGroup"
            >
              <input
                aria-invalid="false"
                autocapitalize="off"
                autocomplete="off"
                autocorrect="off"
                error=""
                id="username"
                name="username"
                spellcheck="false"
                type="text"
                value=""
                warning=""
              />
            </div>
            <div
              role="alert"
            />
          </div>
        </div>
        <div
          class="col-xs-4"
        >
          <div
            class="textField"
          >
            <label
              class="label"
              for="password"
            >
              ui-invoice.settings.batchGroupConfiguration.password
            </label>
            <div
              class="formControl inputGroup"
            >
              <input
                aria-invalid="false"
                autocapitalize="off"
                autocomplete="new-password"
                autocorrect="off"
                error=""
                id="password"
                name="password"
                spellcheck="false"
                type="password"
                value=""
                warning=""
              />
            </div>
            <div
              role="alert"
            />
          </div>
        </div>
        <div
          class="col-xs-2"
        >
          <button
            class="button default"
            data-test-toggle-password-button="true"
            style="margin-bottom: 15px;"
            type="button"
          >
            <span
              class="inner"
            >
              ui-invoice.settings.batchGroupConfiguration.password.show
            </span>
          </button>
        </div>
      </div>
      <div
        class="row"
      >
        <div
          class="col-xs-4"
          data-test-col-test-connection="true"
        >
          <button
            class="button primary marginBottom0"
            data-test-connection-test-button="true"
            type="button"
          >
            <span
              class="inner"
            >
              ui-invoice.settings.batchGroupConfiguration.testConnection
            </span>
          </button>
        </div>
      </div>
      <div
        style="overflow: visible; height: 0px; width: 0px;"
      />
      <div
        class="resize-triggers"
      >
        <div
          class="expand-trigger"
        >
          <div
            style="width: 1px; height: 1px;"
          />
        </div>
        <div
          class="contract-trigger"
        />
      </div>
    </div>
    <div
      class="paneFooter"
    >
      <div
        class="paneFooterContent"
      >
        <span
          class="renderStart"
          data-test-pane-footer-start="true"
        >
          <button
            class="button default mega"
            data-test-run-manual-export-button="true"
            type="button"
          >
            <span
              class="inner"
            >
              ui-invoice.button.runManualExport
            </span>
          </button>
        </span>
        <span
          data-test-pane-footer-end="true"
        >
          <button
            class="button primary mega"
            data-test-save-button="true"
            disabled=""
            type="submit"
          >
            <span
              class="inner"
            >
              ui-invoice.button.save
            </span>
          </button>
        </span>
      </div>
    </div>
  </section>
  <div />
</DocumentFragment>
`;
