// Jest Snapshot v1, https://goo.gl/fbAQLP

exports[`InvoiceLineDetails should render correct structure for invoice line 1`] = `
<DocumentFragment>
  <div>
    <section
      class="pane focusIndicator"
      id="pane-invoiceLineDetails"
    >
      <div
        aria-labelledby="paneHeaderpane-invoiceLineDetails-pane-title"
        class="paneHeader"
        data-test-pane-header="true"
        id="paneHeaderpane-invoiceLineDetails"
        tabindex="-1"
      >
        <div
          class="paneHeaderButtonsArea first"
        >
          <div
            class="paneMenu"
          >
            <button
              aria-label="stripes-components.closeItem"
              class="iconButton medium paneHeaderCloseIcon PaneHeaderIconButton paneHeaderIconButton"
              data-test-pane-header-dismiss-button="true"
              icon="times"
              type="button"
            >
              <span
                class="iconButtonInner mediumOffset PaneHeaderIconButton__inner"
                data-test-pane-header-dismiss-button="true"
              >
                <span>
                  Icon
                </span>
              </span>
            </button>
          </div>
        </div>
        <div
          class="paneHeaderCenter"
        >
          <div
            class="paneHeaderCenterInner"
            id="paneHeaderpane-invoiceLineDetails-pane-title"
          >
            <h2
              class="paneTitle"
              data-test-pane-header-title="true"
            >
              <span
                class="paneTitleLabel"
              >
                ui-invoice.invoiceLine.paneTitle.view
              </span>
            </h2>
          </div>
        </div>
        <div
          class="paneHeaderButtonsArea last"
        >
          <div
            class="paneMenu"
          >
            <div
              class="dropdown"
              data-pane-header-actions-dropdown="true"
            >
              <button
                aria-expanded="false"
                aria-haspopup="true"
                class="button primary marginBottom0 actionMenuToggle"
                data-test-pane-header-actions-button="true"
                type="button"
              >
                <span
                  class="inner"
                >
                  <span>
                    Icon
                  </span>
                </span>
              </button>
              <div
                style="display: none;"
              >
                <div
                  class="DropdownMenu"
                  style="left: 0px; display: block;"
                >
                  ActionMenu
                </div>
              </div>
            </div>
            <div
              class="paneMenu"
            >
              <button
                aria-label="stripes-acq-components.showTags"
                class="iconButton hasBadge medium"
                data-test-invoice-line-tags-action="true"
                icon="tag"
                id="clickable-show-tags"
                title="stripes-acq-components.showTags"
                type="button"
              >
                <span
                  class="iconButtonInner mediumOffset"
                  data-test-invoice-line-tags-action="true"
                  title="stripes-acq-components.showTags"
                >
                  <span>
                    Icon
                  </span>
                  <span
                    class="badge default medium"
                  >
                    <span
                      class="label"
                    >
                      0
                    </span>
                  </span>
                </span>
              </button>
            </div>
          </div>
        </div>
      </div>
      <div
        class="paneContent hasPadding"
        id="pane-invoiceLineDetails-content"
        tabindex="-1"
      >
        <div
          class="row end-xs"
        >
          <div
            class="col-xs-12"
          >
            <button
              class="button link bottomMargin0"
              data-tast-expand-button="true"
              type="button"
            >
              <span
                class="inner"
              >
                <strong>
                  stripes-components.collapseAll
                </strong>
              </span>
            </button>
          </div>
        </div>
        <div
          aria-multiselectable="true"
        >
          <section
            class="accordion hasSeparator"
            data-test-accordion-section="true"
            id="invoiceLineInformation"
          >
            <div
              class="headerWrapper"
              tabindex="-1"
            >
              <div
                class="header default"
              >
                <h3
                  class="headline size-medium margin-none font-weight-bold block"
                  data-test-headline="true"
                >
                  <button
                    aria-controls="accordion1"
                    aria-expanded="true"
                    class="defaultCollapseButton"
                    id="accordion-toggle-button-invoiceLineInformation"
                    type="button"
                  >
                    <span
                      class="headerInner"
                    >
                      <span
                        class="defaultHeaderIcon"
                      >
                        <span>
                          Icon
                        </span>
                      </span>
                      <div
                        class="labelArea"
                      >
                        ui-invoice.invoiceLineInformation
                      </div>
                    </span>
                  </button>
                </h3>
              </div>
            </div>
            <div
              class="content-wrap expanded"
              style="z-index: 1;"
            >
              <div
                aria-labelledby="accordion-toggle-button-invoiceLineInformation"
                class="content-region expanded"
                data-test-accordion-wrapper="true"
                id="accordion1"
                role="region"
              >
                InvoiceLineInformation
              </div>
            </div>
          </section>
          <section
            class="accordion hasSeparator"
            data-test-accordion-section="true"
            id="invoiceLineFundDistribution"
          >
            <div
              class="headerWrapper"
              tabindex="-1"
            >
              <div
                class="header default"
              >
                <h3
                  class="headline size-medium margin-none font-weight-bold block"
                  data-test-headline="true"
                >
                  <button
                    aria-controls="accordion2"
                    aria-expanded="true"
                    class="defaultCollapseButton"
                    id="accordion-toggle-button-invoiceLineFundDistribution"
                    type="button"
                  >
                    <span
                      class="headerInner"
                    >
                      <span
                        class="defaultHeaderIcon"
                      >
                        <span>
                          Icon
                        </span>
                      </span>
                      <div
                        class="labelArea"
                      >
                        ui-invoice.fundDistribution
                      </div>
                    </span>
                  </button>
                </h3>
              </div>
            </div>
            <div
              class="content-wrap expanded"
              style="z-index: 1;"
            >
              <div
                aria-labelledby="accordion-toggle-button-invoiceLineFundDistribution"
                class="content-region expanded"
                data-test-accordion-wrapper="true"
                id="accordion2"
                role="region"
              >
                FundDistributionView
              </div>
            </div>
          </section>
          <section
            class="accordion hasSeparator"
            data-test-accordion-section="true"
            id="invoiceLineAdjustments"
          >
            <div
              class="headerWrapper"
              tabindex="-1"
            >
              <div
                class="header default"
              >
                <h3
                  class="headline size-medium margin-none font-weight-bold block"
                  data-test-headline="true"
                >
                  <button
                    aria-controls="accordion3"
                    aria-expanded="true"
                    class="defaultCollapseButton"
                    id="accordion-toggle-button-invoiceLineAdjustments"
                    type="button"
                  >
                    <span
                      class="headerInner"
                    >
                      <span
                        class="defaultHeaderIcon"
                      >
                        <span>
                          Icon
                        </span>
                      </span>
                      <div
                        class="labelArea"
                      >
                        ui-invoice.adjustments
                      </div>
                    </span>
                  </button>
                </h3>
              </div>
            </div>
            <div
              class="content-wrap expanded"
              style="z-index: 1;"
            >
              <div
                aria-labelledby="accordion-toggle-button-invoiceLineAdjustments"
                class="content-region expanded"
                data-test-accordion-wrapper="true"
                id="accordion3"
                role="region"
              >
                AdjustmentsDetails
              </div>
            </div>
          </section>
          OtherRelatedInvoiceLinesReceivingHistory
        </div>
      </div>
    </section>
  </div>
</DocumentFragment>
`;
