// Jest Snapshot v1, https://goo.gl/fbAQLP

exports[`InvoiceLineForm component should render correct structure 1`] = `
<DocumentFragment>
  <form
    id="invoice-line-form"
    style="height: 100vh;"
  >
    <div>
      <div
        class="paneset"
      >
        <section
          class="pane focusIndicator"
          id="pane-invoice-line-form"
        >
          <div
            aria-labelledby="paneHeaderpane-invoice-line-form-pane-title"
            class="paneHeader"
            data-test-pane-header="true"
            id="paneHeaderpane-invoice-line-form"
            role="region"
            tabindex="-1"
          >
            <div
              class="paneHeaderButtonsArea first"
            >
              <div
                class="paneMenu"
              >
                <button
                  aria-label="stripes-components.closeItem"
                  class="iconButton medium paneHeaderCloseIcon PaneHeaderIconButton paneHeaderIconButton"
                  data-test-pane-header-dismiss-button="true"
                  icon="times"
                  type="button"
                >
                  <span
                    class="iconButtonInner mediumOffset PaneHeaderIconButton__inner"
                    data-test-pane-header-dismiss-button="true"
                  >
                    <span>
                      Icon
                    </span>
                  </span>
                </button>
              </div>
            </div>
            <div
              class="paneHeaderCenter"
            >
              <div
                class="paneHeaderCenterInner"
                id="paneHeaderpane-invoice-line-form-pane-title"
              >
                <h2
                  class="paneTitle"
                  data-test-pane-header-title="true"
                >
                  <span
                    class="paneTitleLabel"
                  >
                    ui-invoice.invoiceLine.paneTitle.edit
                  </span>
                </h2>
              </div>
            </div>
          </div>
          <div
            class="paneContent hasPadding"
            id="pane-invoice-line-form-content"
            tabindex="-1"
          >
            <div
              class="row"
            >
              <div
                class="col-xs-12 col-md-8 col-md-offset-2"
              >
                <div
                  class="row end-xs"
                >
                  <div
                    class="col-xs-12"
                  >
                    <button
                      class="button link bottomMargin0"
                      data-test-expand-button="true"
                      type="button"
                    >
                      <span
                        class="inner"
                      >
                        <strong>
                          stripes-components.collapseAll
                        </strong>
                      </span>
                    </button>
                  </div>
                </div>
                <div
                  id="invoice-line-form-accordion-set"
                >
                  <section
                    class="accordion hasSeparator"
                    data-test-accordion-section="true"
                    id="invoiceLineForm-information"
                  >
                    <div
                      class="headerWrapper"
                      tabindex="-1"
                    >
                      <div
                        class="header default"
                      >
                        <h3
                          class="headline size-medium margin-none font-weight-bold block"
                          data-test-headline="true"
                        >
                          <button
                            aria-controls="accordion2"
                            aria-expanded="true"
                            class="defaultCollapseButton"
                            id="accordion-toggle-button-invoiceLineForm-information"
                            type="button"
                          >
                            <span
                              class="headerInner"
                            >
                              <span
                                class="defaultHeaderIcon"
                              >
                                <span>
                                  Icon
                                </span>
                              </span>
                              <div
                                class="labelArea"
                              >
                                ui-invoice.invoiceLineInformation
                              </div>
                            </span>
                          </button>
                        </h3>
                      </div>
                    </div>
                    <div
                      class="content-wrap expanded"
                      style="z-index: 2;"
                    >
                      <div
                        aria-labelledby="accordion-toggle-button-invoiceLineForm-information"
                        class="content-region expanded"
                        data-test-accordion-wrapper="true"
                        id="accordion2"
                        role="region"
                      >
                        <div
                          class="row"
                        >
                          <div
                            class="col-xs-12"
                            data-test-col-invoice-line-description="true"
                          >
                            <div
                              class="textField"
                            >
                              <label
                                class="label"
                                for="description"
                              >
                                ui-invoice.invoiceLine.description
                                <span
                                  aria-hidden="true"
                                  class="asterisk"
                                >
                                  *
                                </span>
                              </label>
                              <div
                                class="formControl inputGroup"
                              >
                                <input
                                  aria-invalid="false"
                                  aria-required="true"
                                  autocapitalize="off"
                                  autocomplete="off"
                                  autocorrect="off"
                                  error=""
                                  id="description"
                                  name="description"
                                  required=""
                                  spellcheck="false"
                                  type="text"
                                  value="EDI import invoice line"
                                  warning=""
                                />
                              </div>
                              <div
                                role="alert"
                              />
                            </div>
                          </div>
                          <div
                            class="col-xs-3"
                          >
                            POLineField
                          </div>
                          <div
                            class="col-xs-3"
                            data-test-col-invoice-line-number="true"
                          >
                            <div
                              class="kvRoot"
                            >
                              <div
                                class="kvLabel"
                              >
                                ui-invoice.invoiceLine.invoiceLineNumber
                              </div>
                              <div
                                class="kvValue"
                                data-test-kv-value="true"
                              >
                                1
                              </div>
                            </div>
                          </div>
                          <div
                            class="col-xs-3"
                            data-test-col-invoice-line-status="true"
                          >
                            <div
                              class="kvRoot"
                            >
                              <div
                                class="kvLabel"
                              >
                                ui-invoice.invoice.details.information.status
                              </div>
                              <div
                                class="kvValue"
                                data-test-kv-value="true"
                              >
                                ui-invoice.invoice.status.open
                              </div>
                            </div>
                          </div>
                          <div
                            class="col-xs-12"
                            data-test-col-invoice-line-vendor-ref-no="true"
                          >
                            <fieldset
                              class="repeatableField hasMargin"
                              data-test-repeatable-field="true"
                            >
                              <ul
                                class="repeatableFieldList"
                                data-test-repeatable-field-list="true"
                              >
                                <li
                                  class="repeatableFieldItem"
                                  data-test-repeatable-field-list-item="true"
                                >
                                  <div
                                    class="repeatableFieldItemContent"
                                  >
                                    <div
                                      class="row"
                                    >
                                      <div
                                        class="col-xs"
                                      >
                                        <div
                                          class="textField"
                                        >
                                          <label
                                            class="label"
                                            for="text-input-3"
                                          >
                                            stripes-acq-components.referenceNumbers.refNumber
                                            <span
                                              aria-hidden="true"
                                              class="asterisk"
                                            >
                                              *
                                            </span>
                                          </label>
                                          <div
                                            class="formControl inputGroup"
                                          >
                                            <input
                                              aria-invalid="false"
                                              aria-required="true"
                                              autocapitalize="off"
                                              autocomplete="off"
                                              autocorrect="off"
                                              data-testid="referenceNumbers[0].refNumber"
                                              error=""
                                              id="text-input-3"
                                              name="referenceNumbers[0].refNumber"
                                              required=""
                                              spellcheck="false"
                                              type="text"
                                              value="9992"
                                              warning=""
                                            />
                                          </div>
                                          <div
                                            role="alert"
                                          />
                                        </div>
                                      </div>
                                      <div
                                        class="col-xs"
                                      >
                                        <div
                                          class="select inputGroup fullWidth"
                                        >
                                          <label
                                            class="label"
                                            for="select-4"
                                            id="select-4-label"
                                          >
                                            stripes-acq-components.referenceNumbers.refNumberType
                                            <span
                                              aria-hidden="true"
                                              class="asterisk"
                                            >
                                              *
                                            </span>
                                          </label>
                                          <div
                                            class="selectWrap"
                                          >
                                            <select
                                              aria-invalid="false"
                                              aria-labelledby="select-4-label"
                                              aria-required="true"
                                              class="selectControl formControl"
                                              data-testid="referenceNumbers[0].refNumberType"
                                              id="select-4"
                                              name="referenceNumbers[0].refNumberType"
                                              required=""
                                            >
                                              <option
                                                value=""
                                              >
                                                stripes-acq-components.label.emptyValue
                                              </option>
                                              <option
                                                value="Vendor continuation reference number"
                                              >
                                                stripes-acq-components.referenceNumbers.refNumberType.continuationRefNumber
                                              </option>
                                              <option
                                                value="Vendor internal number"
                                              >
                                                stripes-acq-components.referenceNumbers.refNumberType.internalNumber
                                              </option>
                                              <option
                                                value="Vendor order reference number"
                                              >
                                                stripes-acq-components.referenceNumbers.refNumberType.refNumber
                                              </option>
                                              <option
                                                value="Vendor subscription reference number"
                                              >
                                                stripes-acq-components.referenceNumbers.refNumberType.subscriptionRefNumber
                                              </option>
                                              <option
                                                value="Vendor title number"
                                              >
                                                stripes-acq-components.referenceNumbers.refNumberType.titleNumber
                                              </option>
                                            </select>
                                            <span>
                                              Icon
                                            </span>
                                          </div>
                                          <div
                                            role="alert"
                                          />
                                        </div>
                                      </div>
                                    </div>
                                  </div>
                                  <div
                                    class="repeatableFieldRemoveItem "
                                  >
                                    <button
                                      aria-label="stripes-components.deleteThisItem"
                                      class="iconButton medium"
                                      data-test-repeatable-field-remove-item-button="true"
                                      icon="trash"
                                      type="button"
                                    >
                                      <span
                                        class="iconButtonInner mediumOffset"
                                        data-test-repeatable-field-remove-item-button="true"
                                      >
                                        <span>
                                          Icon
                                        </span>
                                      </span>
                                    </button>
                                  </div>
                                </li>
                              </ul>
                              <button
                                class="button default"
                                data-test-repeatable-field-add-item-button="true"
                                type="button"
                              >
                                <span
                                  class="inner"
                                >
                                  stripes-acq-components.referenceNumbers.addReferenceNumbers
                                </span>
                              </button>
                            </fieldset>
                          </div>
                        </div>
                        <div
                          class="row"
                        >
                          <div
                            class="col-xs-3"
                            data-test-col-invoice-line-subscription-info="true"
                          >
                            <div
                              class="textField"
                            >
                              <label
                                class="label"
                                for="subscriptionInfo"
                              >
                                ui-invoice.invoiceLine.subscriptionInfo
                              </label>
                              <div
                                class="formControl inputGroup"
                              >
                                <input
                                  aria-invalid="false"
                                  autocapitalize="off"
                                  autocomplete="off"
                                  autocorrect="off"
                                  error=""
                                  id="subscriptionInfo"
                                  name="subscriptionInfo"
                                  spellcheck="false"
                                  type="text"
                                  value=""
                                  warning=""
                                />
                              </div>
                              <div
                                role="alert"
                              />
                            </div>
                          </div>
                          <div
                            class="col-xs-3"
                            data-test-col-invoice-line-subscription-start="true"
                          >
                            <div
                              class="container"
                            >
                              <div
                                class="container"
                                data-test-datepicker-container="true"
                              >
                                <div
                                  class="textField"
                                >
                                  <label
                                    class="label"
                                    for="dp-5"
                                  >
                                    ui-invoice.invoiceLine.subscriptionStart
                                  </label>
                                  <div
                                    class="formControl inputGroup"
                                  >
                                    <input
                                      aria-invalid="false"
                                      autocapitalize="off"
                                      autocomplete="off"
                                      autocorrect="off"
                                      id="dp-5"
                                      name="subscriptionStart"
                                      placeholder="MM/DD/YYYY"
                                      spellcheck="false"
                                      type="text"
                                      value="06/09/2021"
                                    />
                                    <div
                                      class="endControls"
                                    >
                                      <div
                                        class="controlGroup"
                                      >
                                        <button
                                          aria-label="stripes-components.clearFieldValue"
                                          class="iconButton medium"
                                          data-test-clear="true"
                                          icon="times-circle-solid"
                                          id="datepicker-clear-button-dp-5"
                                          tabindex="-1"
                                          type="button"
                                        >
                                          <span
                                            class="iconButtonInner mediumOffset"
                                            data-test-clear="true"
                                          >
                                            <span>
                                              Icon
                                            </span>
                                          </span>
                                        </button>
                                        <button
                                          aria-haspopup="true"
                                          aria-label="stripes-components.showOrHideDatepicker"
                                          class="iconButton medium"
                                          data-test-calendar-button="true"
                                          icon="calendar"
                                          id="datepicker-toggle-calendar-button-dp-5"
                                          type="button"
                                        >
                                          <span
                                            class="iconButtonInner mediumOffset"
                                            data-test-calendar-button="true"
                                          >
                                            <span>
                                              Icon
                                            </span>
                                          </span>
                                        </button>
                                      </div>
                                    </div>
                                  </div>
                                  <div
                                    role="alert"
                                  />
                                </div>
                                <input
                                  data-test-datepicker-hidden-input="true"
                                  hidden=""
                                  type="text"
                                  value="2021-06-09"
                                />
                              </div>
                            </div>
                          </div>
                          <div
                            class="col-xs-3"
                            data-test-col-invoice-line-subscription-end="true"
                          >
                            <div
                              class="container"
                            >
                              <div
                                class="container"
                                data-test-datepicker-container="true"
                              >
                                <div
                                  class="textField"
                                >
                                  <label
                                    class="label"
                                    for="dp-6"
                                  >
                                    ui-invoice.invoiceLine.subscriptionEnd
                                  </label>
                                  <div
                                    class="formControl inputGroup"
                                  >
                                    <input
                                      aria-invalid="false"
                                      autocapitalize="off"
                                      autocomplete="off"
                                      autocorrect="off"
                                      id="dp-6"
                                      name="subscriptionEnd"
                                      placeholder="MM/DD/YYYY"
                                      spellcheck="false"
                                      type="text"
                                      value="06/18/2021"
                                    />
                                    <div
                                      class="endControls"
                                    >
                                      <div
                                        class="controlGroup"
                                      >
                                        <button
                                          aria-label="stripes-components.clearFieldValue"
                                          class="iconButton medium"
                                          data-test-clear="true"
                                          icon="times-circle-solid"
                                          id="datepicker-clear-button-dp-6"
                                          tabindex="-1"
                                          type="button"
                                        >
                                          <span
                                            class="iconButtonInner mediumOffset"
                                            data-test-clear="true"
                                          >
                                            <span>
                                              Icon
                                            </span>
                                          </span>
                                        </button>
                                        <button
                                          aria-haspopup="true"
                                          aria-label="stripes-components.showOrHideDatepicker"
                                          class="iconButton medium"
                                          data-test-calendar-button="true"
                                          icon="calendar"
                                          id="datepicker-toggle-calendar-button-dp-6"
                                          type="button"
                                        >
                                          <span
                                            class="iconButtonInner mediumOffset"
                                            data-test-calendar-button="true"
                                          >
                                            <span>
                                              Icon
                                            </span>
                                          </span>
                                        </button>
                                      </div>
                                    </div>
                                  </div>
                                  <div
                                    role="alert"
                                  />
                                </div>
                                <input
                                  data-test-datepicker-hidden-input="true"
                                  hidden=""
                                  type="text"
                                  value="2021-06-18"
                                />
                              </div>
                            </div>
                          </div>
                          <div
                            class="col-xs-3"
                            data-test-col-invoice-line-comment="true"
                          >
                            <div
                              class="textField"
                            >
                              <label
                                class="label"
                                for="comment"
                              >
                                ui-invoice.invoiceLine.comment
                              </label>
                              <div
                                class="formControl inputGroup"
                              >
                                <input
                                  aria-invalid="false"
                                  autocapitalize="off"
                                  autocomplete="off"
                                  autocorrect="off"
                                  error=""
                                  id="comment"
                                  name="comment"
                                  spellcheck="false"
                                  type="text"
                                  value=""
                                  warning=""
                                />
                              </div>
                              <div
                                role="alert"
                              />
                            </div>
                          </div>
                          <div
                            class="col-xs-3"
                            data-test-col-invoice-line-account-number="true"
                          >
                            <div
                              class="kvRoot"
                            >
                              <div
                                class="kvLabel"
                              >
                                ui-invoice.invoice.accountingCode
                              </div>
                              <div
                                class="kvValue"
                                data-test-kv-value="true"
                              >
                                <span>
                                  -
                                </span>
                              </div>
                            </div>
                          </div>
                          <div
                            class="col-xs-3"
                            data-test-col-invoice-line-accounting-code="true"
                          >
                            <div
                              style="position: relative; width: 100%;"
                            >
                              <div
                                aria-live="assertive"
                                aria-relevant="additions"
                                class="sr-only"
                              />
                              <label
                                class="label"
                                for="invoice-line-account-number"
                                id="sl-label-invoice-line-account-number"
                              >
                                ui-invoice.invoiceLine.accountNumber
                              </label>
                              <div
                                class="selectionControlContainer"
                              >
                                <button
                                  aria-expanded="false"
                                  aria-haspopup="listbox"
                                  aria-labelledby="sl-label-invoice-line-account-number selected-invoice-line-account-number-item"
                                  aria-owns="sl-invoice-line-account-number"
                                  class="selectionControl formControl"
                                  id="invoice-line-account-number"
                                  name="accountNumber"
                                  type="button"
                                >
                                  <span
                                    class="sr-only"
                                  >
                                    stripes-components.selection.controlLabel
                                  </span>
                                  <div
                                    class="singleValue"
                                    id="selected-invoice-line-account-number-item"
                                  />
                                </button>
                                <div
                                  class="selectionEndControls"
                                >
                                  <div
                                    class="textFieldIcon"
                                  >
                                    <span>
                                      Icon
                                    </span>
                                  </div>
                                </div>
                              </div>
                              <div
                                role="alert"
                              />
                            </div>
                            <div
                              class="overlay"
                              hidden=""
                            >
                              <div
                                class="selectionListRoot sr-only"
                                hidden=""
                                id="sl-container-invoice-line-account-number"
                              >
                                <div
                                  class="selectionFilterContainer"
                                >
                                  <input
                                    aria-activedescendant="option-invoice-line-account-number-0-null"
                                    aria-controls="sl-container-invoice-line-account-number"
                                    aria-expanded="true"
                                    aria-label="stripes-components.selection.filterOptionsLabel"
                                    aria-owns="sl-invoice-line-account-number"
                                    class="selectionFilter"
                                    placeholder="stripes-components.selection.filterOptionsPlaceholder"
                                    role="combobox"
                                    type="text"
                                    value=""
                                  />
                                </div>
                                <ul
                                  aria-label="stripes-components.selection.filterOptionsLabel"
                                  class="selectionList"
                                  id="sl-invoice-line-account-number"
                                  role="listbox"
                                  style="max-height: 174px;"
                                >
                                  <li
                                    aria-selected="false"
                                    class="option optionOutside cursor"
                                    id="option-invoice-line-account-number-0-null"
                                    role="option"
                                    tabindex="-1"
                                    unselectable="on"
                                  >
                                    <div
                                      class="optionSegment"
                                      data-test-selection-option-segment="true"
                                    />
                                  </li>
                                </ul>
                                <div
                                  class="selectListSection"
                                  role="alert"
                                />
                              </div>
                            </div>
                          </div>
                          <div
                            class="col-xs-3"
                            data-test-col-invoice-line-quantity="true"
                          >
                            <div
                              class="textField"
                            >
                              <label
                                class="label"
                                for="quantity"
                              >
                                ui-invoice.invoiceLine.quantity
                                <span
                                  aria-hidden="true"
                                  class="asterisk"
                                >
                                  *
                                </span>
                              </label>
                              <div
                                class="formControl inputGroup"
                              >
                                <input
                                  aria-invalid="false"
                                  aria-required="true"
                                  autocapitalize="off"
                                  autocomplete="off"
                                  autocorrect="off"
                                  error=""
                                  id="quantity"
                                  name="quantity"
                                  required=""
                                  spellcheck="false"
                                  type="number"
                                  value="20"
                                  warning=""
                                />
                              </div>
                              <div
                                role="alert"
                              />
                            </div>
                          </div>
                          <div
                            class="col-xs-3"
                            data-test-col-invoice-line-sub-total="true"
                          >
                            <div
                              class="textField"
                            >
                              <label
                                class="label"
                                for="subTotal"
                              >
                                ui-invoice.invoiceLine.subTotal
                                <span
                                  aria-hidden="true"
                                  class="asterisk"
                                >
                                  *
                                </span>
                              </label>
                              <div
                                class="formControl inputGroup"
                              >
                                <input
                                  aria-invalid="false"
                                  aria-required="true"
                                  autocapitalize="off"
                                  autocomplete="off"
                                  autocorrect="off"
                                  error=""
                                  id="subTotal"
                                  name="subTotal"
                                  required=""
                                  spellcheck="false"
                                  type="number"
                                  value="1523"
                                  warning=""
                                />
                              </div>
                              <div
                                role="alert"
                              />
                            </div>
                          </div>
                          <div
                            class="col-xs-3"
                            data-test-col-release-encumbrance="true"
                          >
                            <div
                              class="checkbox"
                              data-test-checkbox="true"
                            >
                              <label
                                class="label label checkboxInteractionStylesControl"
                                for="checkbox-7"
                              >
                                <span
                                  class="inner checkboxInteractionStyles"
                                >
                                  <input
                                    aria-invalid="false"
                                    class="input"
                                    id="checkbox-7"
                                    name="releaseEncumbrance"
                                    type="checkbox"
                                    value=""
                                  />
                                  <span
                                    class="checkboxIcon"
                                  >
                                    <svg
                                      height="10"
                                      viewBox="0 0 14 14"
                                      width="10"
                                      xmlns="http://www.w3.org/2000/svg"
                                    >
                                      <path
                                        d="M10.395 4.617L5.63 9.383 3.605 7.358"
                                        fill="none"
                                        stroke-linecap="round"
                                        stroke-linejoin="round"
                                        stroke-miterlimit="10"
                                        stroke-width="1.5"
                                      />
                                    </svg>
                                  </span>
                                  <span
                                    class="labelText"
                                  >
                                    ui-invoice.invoiceLine.releaseEncumbrance
                                  </span>
                                </span>
                              </label>
                              <div
                                role="alert"
                              />
                            </div>
                          </div>
                        </div>
                      </div>
                    </div>
                  </section>
                  <section
                    class="accordion hasSeparator"
                    data-test-accordion-section="true"
                    id="invoiceLineForm-fundDistribution"
                  >
                    <div
                      class="headerWrapper"
                      tabindex="-1"
                    >
                      <div
                        class="header default"
                      >
                        <h3
                          class="headline size-medium margin-none font-weight-bold block"
                          data-test-headline="true"
                        >
                          <button
                            aria-controls="accordion3"
                            aria-expanded="true"
                            class="defaultCollapseButton"
                            id="accordion-toggle-button-invoiceLineForm-fundDistribution"
                            type="button"
                          >
                            <span
                              class="headerInner"
                            >
                              <span
                                class="defaultHeaderIcon"
                              >
                                <span>
                                  Icon
                                </span>
                              </span>
                              <div
                                class="labelArea"
                              >
                                ui-invoice.fundDistribution
                              </div>
                            </span>
                          </button>
                        </h3>
                      </div>
                    </div>
                    <div
                      class="content-wrap expanded"
                      style="z-index: 2;"
                    >
                      <div
                        aria-labelledby="accordion-toggle-button-invoiceLineForm-fundDistribution"
                        class="content-region expanded"
                        data-test-accordion-wrapper="true"
                        id="accordion3"
                        role="region"
                      >
                        <fieldset
                          class="repeatableField hasMargin"
                          data-test-repeatable-field="true"
                          id="fundDistributions"
                        >
                          <legend
                            class="headline size-medium margin-medium font-weight-bold"
                            data-test-headline="true"
                            data-test-repeatable-field-legend="true"
                          >
                            stripes-acq-components.fundDistribution.remainingAmount
                          </legend>
                          <ul
                            class="repeatableFieldList"
                            data-test-repeatable-field-list="true"
                          >
                            <li
                              class="repeatableFieldItem"
                              data-test-repeatable-field-list-item="true"
                            >
                              <div
                                class="repeatableFieldItemContent"
                              >
                                <div
                                  class="row"
                                >
                                  <div
                                    class="col-xs"
                                  >
                                    <div
                                      style="position: relative; width: 100%;"
                                    >
                                      <div
                                        aria-live="assertive"
                                        aria-relevant="additions"
                                        class="sr-only"
                                      />
                                      <label
                                        class="label"
                                        for="fundDistributions[0].fundId"
                                        id="sl-label-fundDistributions[0].fundId"
                                      >
                                        stripes-acq-components.fundDistribution.id
                                        <span
                                          aria-hidden="true"
                                          class="asterisk"
                                        >
                                          *
                                        </span>
                                      </label>
                                      <span
                                        class="sr-only"
                                        id="sl-fundDistributions[0].fundId-required"
                                      >
                                        required
                                      </span>
                                      <div
                                        class="selectionControlContainer"
                                      >
                                        <button
                                          aria-expanded="false"
                                          aria-haspopup="listbox"
                                          aria-labelledby="sl-label-fundDistributions[0].fundId selected-fundDistributions[0].fundId-item sl-fundDistributions[0].fundId-required"
                                          aria-owns="sl-fundDistributions[0].fundId"
                                          class="selectionControl formControl"
                                          id="fundDistributions[0].fundId"
                                          name="fundDistributions[0].fundId"
                                          type="button"
                                        >
                                          <span
                                            class="sr-only"
                                          >
                                            stripes-components.selection.controlLabel
                                          </span>
                                          <div
                                            class="singleValue"
                                            id="selected-fundDistributions[0].fundId-item"
                                          >
                                            <div
                                              class="optionSegment"
                                              data-test-selection-option-segment="true"
                                            >
                                              stripes-acq-components.fundDistribution.unavailableFund
                                            </div>
                                          </div>
                                        </button>
                                        <div
                                          class="selectionEndControls"
                                        >
                                          <div
                                            class="textFieldIcon"
                                          >
                                            <span>
                                              Icon
                                            </span>
                                          </div>
                                        </div>
                                      </div>
                                      <div
                                        role="alert"
                                      />
                                    </div>
                                    <div
                                      class="overlay"
                                      hidden=""
                                    >
                                      <div
                                        class="selectionListRoot sr-only"
                                        hidden=""
                                        id="sl-container-fundDistributions[0].fundId"
                                      >
                                        <div
                                          class="selectionFilterContainer"
                                        >
                                          <input
                                            aria-activedescendant="option-fundDistributions[0].fundId-0-65032151-39a5-4cef-8810-5350eb316300"
                                            aria-controls="sl-container-fundDistributions[0].fundId"
                                            aria-expanded="true"
                                            aria-label="stripes-components.selection.filterOptionsLabel"
                                            aria-owns="sl-fundDistributions[0].fundId"
                                            class="selectionFilter"
                                            placeholder="stripes-components.selection.filterOptionsPlaceholder"
                                            role="combobox"
                                            type="text"
                                            value=""
                                          />
                                        </div>
                                        <ul
                                          aria-label="stripes-components.selection.filterOptionsLabel"
                                          class="selectionList"
                                          id="sl-fundDistributions[0].fundId"
                                          role="listbox"
                                          style="max-height: 174px;"
                                        >
                                          <li
                                            aria-selected="true"
                                            class="option optionOutside cursor selected"
                                            id="option-fundDistributions[0].fundId-0-65032151-39a5-4cef-8810-5350eb316300"
                                            role="option"
                                            tabindex="-1"
                                            unselectable="on"
                                          >
                                            <div
                                              class="optionSegment"
                                              data-test-selection-option-segment="true"
                                            >
                                              stripes-acq-components.fundDistribution.unavailableFund
                                            </div>
                                          </li>
                                        </ul>
                                        <div
                                          class="selectListSection"
                                          role="alert"
                                        />
                                      </div>
                                    </div>
                                  </div>
                                  <div
                                    class="col-xs"
                                  />
                                  <div
                                    class="col-xs"
                                  >
                                    <div
                                      class="textField"
                                    >
                                      <label
                                        class="label"
                                        for="text-input-9"
                                      >
                                        stripes-acq-components.fundDistribution.value
                                        <span
                                          aria-hidden="true"
                                          class="asterisk"
                                        >
                                          *
                                        </span>
                                      </label>
                                      <div
                                        class="formControl inputGroup"
                                      >
                                        <input
                                          aria-invalid="false"
                                          aria-required="true"
                                          autocapitalize="off"
                                          autocomplete="off"
                                          autocorrect="off"
                                          data-testid="fundDistribution-value"
                                          error=""
                                          id="text-input-9"
                                          name="fundDistributions[0].value"
                                          required=""
                                          spellcheck="false"
                                          type="number"
                                          value="50"
                                          warning=""
                                        />
                                      </div>
                                      <div
                                        role="alert"
                                      />
                                    </div>
                                  </div>
                                  <div
                                    class="col-xs"
                                  >
                                    <div
                                      class="kvRoot"
                                    >
                                      <div
                                        class="kvLabel"
                                      >
                                        stripes-acq-components.fundDistribution.type
                                      </div>
                                      <div
                                        class="kvValue"
                                        data-test-kv-value="true"
                                      >
                                        <div
                                          class="buttonGroup fullWidth"
                                          data-test-fund-distr-type="true"
                                        >
                                          <button
                                            class="button primary"
                                            data-test-fund-distr-type-percent="true"
                                            type="button"
                                          >
                                            <span
                                              class="inner"
                                            >
                                              stripes-acq-components.fundDistribution.type.sign.percent
                                            </span>
                                          </button>
                                          <button
                                            class="button default"
                                            data-test-fund-distr-type-amount="true"
                                            type="button"
                                          >
                                            <span
                                              class="inner"
                                            >
                                              $
                                            </span>
                                          </button>
                                        </div>
                                      </div>
                                    </div>
                                  </div>
                                  <div
                                    class="col-xs"
                                  >
                                    <div
                                      class="kvRoot"
                                    >
                                      <div
                                        class="kvLabel"
                                      >
                                        stripes-acq-components.fundDistribution.amount
                                      </div>
                                      <div
                                        class="kvValue"
                                        data-test-kv-value="true"
                                      >
                                        $837.65
                                      </div>
                                    </div>
                                  </div>
                                </div>
                              </div>
                              <div
                                class="repeatableFieldRemoveItem "
                              >
                                <button
                                  aria-label="stripes-components.deleteThisItem"
                                  class="iconButton medium"
                                  data-test-repeatable-field-remove-item-button="true"
                                  icon="trash"
                                  type="button"
                                >
                                  <span
                                    class="iconButtonInner mediumOffset"
                                    data-test-repeatable-field-remove-item-button="true"
                                  >
                                    <span>
                                      Icon
                                    </span>
                                  </span>
                                </button>
                              </div>
                            </li>
                          </ul>
                          <button
                            class="button default"
                            data-test-repeatable-field-add-item-button="true"
                            id="fundDistributions-add-button"
                            type="button"
                          >
                            <span
                              class="inner"
                            >
                              stripes-acq-components.fundDistribution.addBtn
                            </span>
                          </button>
                        </fieldset>
                      </div>
                    </div>
                  </section>
                  <section
                    class="accordion hasSeparator"
                    data-test-accordion-section="true"
                    id="invoiceLineForm-adjustments"
                  >
                    <div
                      class="headerWrapper"
                      tabindex="-1"
                    >
                      <div
                        class="header default"
                      >
                        <h3
                          class="headline size-medium margin-none font-weight-bold block"
                          data-test-headline="true"
                        >
                          <button
                            aria-controls="accordion4"
                            aria-expanded="true"
                            class="defaultCollapseButton"
                            id="accordion-toggle-button-invoiceLineForm-adjustments"
                            type="button"
                          >
                            <span
                              class="headerInner"
                            >
                              <span
                                class="defaultHeaderIcon"
                              >
                                <span>
                                  Icon
                                </span>
                              </span>
                              <div
                                class="labelArea"
                              >
                                ui-invoice.adjustments
                              </div>
                            </span>
                          </button>
                        </h3>
                      </div>
                    </div>
                    <div
                      class="content-wrap expanded"
                      style="z-index: 1;"
                    >
                      <div
                        aria-labelledby="accordion-toggle-button-invoiceLineForm-adjustments"
                        class="content-region expanded"
                        data-test-accordion-wrapper="true"
                        id="accordion4"
                        role="region"
                      >
                        <span>
                          AdjustmentsForm
                        </span>
                      </div>
                    </div>
                  </section>
                </div>
              </div>
            </div>
          </div>
          <div
            class="paneFooter"
          >
            <div
              class="paneFooterContent"
            >
              <span
                class="renderStart"
                data-test-pane-footer-start="true"
              >
                <button
                  class="button default mega"
                  data-test-cancel-button="true"
                  type="button"
                >
                  <span
                    class="inner"
                  >
                    stripes-acq-components.FormFooter.cancel
                  </span>
                </button>
              </span>
              <span
                data-test-pane-footer-end="true"
              >
                <button
                  class="button primary mega"
                  data-test-save-button="true"
                  disabled=""
                  id="clickable-save"
                  type="submit"
                >
                  <span
                    class="inner"
                  >
                    ui-invoice.saveAndClose
                  </span>
                </button>
              </span>
            </div>
          </div>
        </section>
      </div>
      <div
        class="container"
      >
        <div
          class="cursorHover"
          hidden=""
          style="left: -10px;"
        >
          <div
            class="cursor"
          >
             
          </div>
        </div>
      </div>
    </div>
  </form>
  <div />
</DocumentFragment>
`;
