// Jest Snapshot v1, https://goo.gl/fbAQLP

exports[`InvoiceLineForm component should render correct structure 1`] = `
<DocumentFragment>
  <form
    id="invoice-line-form"
    style="height: 100vh;"
  >
    <div>
      <div
        class="paneset"
      >
        <section
          class="pane focusIndicator"
          id="pane-invoice-line-form"
        >
          <div
            aria-labelledby="paneHeaderpane-invoice-line-form-pane-title"
            class="paneHeader"
            data-test-pane-header="true"
            id="paneHeaderpane-invoice-line-form"
            role="region"
            tabindex="-1"
          >
            <div
              class="paneHeaderButtonsArea first"
            >
              <div
                class="paneMenu"
              >
                <button
                  aria-label="stripes-components.closeItem"
                  class="iconButton medium paneHeaderCloseIcon PaneHeaderIconButton paneHeaderIconButton"
                  data-test-pane-header-dismiss-button="true"
                  icon="times"
                  type="button"
                >
                  <span
                    class="iconButtonInner mediumOffset PaneHeaderIconButton__inner"
                    data-test-pane-header-dismiss-button="true"
                  >
                    <span>
                      Icon
                    </span>
                  </span>
                </button>
              </div>
            </div>
            <div
              class="paneHeaderCenter"
            >
              <div
                class="paneHeaderCenterInner"
                id="paneHeaderpane-invoice-line-form-pane-title"
              >
                <h2
                  class="paneTitle"
                  data-test-pane-header-title="true"
                >
                  <span
                    class="paneTitleLabel"
                  >
                    ui-invoice.invoiceLine.paneTitle.edit
                  </span>
                </h2>
              </div>
            </div>
          </div>
          <div
            class="paneContent hasPadding"
            id="pane-invoice-line-form-content"
            tabindex="-1"
          >
            <div
              class="row"
            >
              <div
                class="col-xs-12 col-md-8 col-md-offset-2"
              >
                <div
                  class="row end-xs"
                >
                  <div
                    class="col-xs-12"
                  >
                    <button
                      class="button link bottomMargin0"
                      data-test-expand-button="true"
                      type="button"
                    >
                      <span
                        class="inner"
                      >
                        <strong>
                          stripes-components.collapseAll
                        </strong>
                      </span>
                    </button>
                  </div>
                </div>
                <div
                  id="invoice-line-form-accordion-set"
                >
                  <section
                    class="accordion hasSeparator"
                    data-test-accordion-section="true"
                    id="invoiceLineForm-information"
                  >
                    <div
                      class="headerWrapper"
                      tabindex="-1"
                    >
                      <div
                        class="header default"
                      >
                        <h3
                          class="headline size-medium margin-none font-weight-bold block"
                          data-test-headline="true"
                        >
                          <button
                            aria-controls="accordion2"
                            aria-expanded="true"
                            class="defaultCollapseButton"
                            id="accordion-toggle-button-invoiceLineForm-information"
                            type="button"
                          >
                            <span
                              class="headerInner"
                            >
                              <span
                                class="defaultHeaderIcon"
                              >
                                <span>
                                  Icon
                                </span>
                              </span>
                              <div
                                class="labelArea"
                              >
                                ui-invoice.invoiceLineInformation
                              </div>
                            </span>
                          </button>
                        </h3>
                      </div>
                    </div>
                    <div
                      class="content-wrap expanded"
                      style="z-index: 0;"
                    >
                      <div
                        aria-labelledby="accordion-toggle-button-invoiceLineForm-information"
                        class="content-region expanded"
                        data-test-accordion-wrapper="true"
                        id="accordion2"
                        role="region"
                      >
                        <div
                          class="row"
                        >
                          <div
                            class="col-xs-12"
                            data-test-col-invoice-line-description="true"
                          >
                            <div
                              class="textField"
                            >
                              <label
                                class="label"
                                for="description"
                              >
                                ui-invoice.invoiceLine.description
                                <span
                                  aria-hidden="true"
                                  class="asterisk"
                                >
                                  *
                                </span>
                              </label>
                              <div
                                class="formControl inputGroup"
                              >
                                <input
                                  aria-invalid="false"
                                  aria-required="true"
                                  autocapitalize="off"
                                  autocomplete="off"
                                  autocorrect="off"
                                  error=""
                                  id="description"
                                  name="description"
                                  required=""
                                  spellcheck="false"
                                  type="text"
                                  value="EDI import invoice line"
                                  warning=""
                                />
                              </div>
                              <div
                                role="alert"
                              />
                            </div>
                          </div>
                          <div
                            class="col-xs-3"
                          >
                            POLineField
                          </div>
                          <div
                            class="col-xs-3"
                            data-test-col-invoice-line-number="true"
                          >
                            <div
                              class="kvRoot"
                            >
                              <div
                                class="kvLabel"
                              >
                                ui-invoice.invoiceLine.invoiceLineNumber
                              </div>
                              <div
                                class="kvValue"
                                data-test-kv-value="true"
                              >
                                1
                              </div>
                            </div>
                          </div>
                          <div
                            class="col-xs-3"
                            data-test-col-invoice-line-status="true"
                          >
                            <div
                              class="kvRoot"
                            >
                              <div
                                class="kvLabel"
                              >
                                ui-invoice.invoice.details.information.status
                              </div>
                              <div
                                class="kvValue"
                                data-test-kv-value="true"
                              >
                                ui-invoice.invoice.status.open
                              </div>
                            </div>
                          </div>
                          <div
                            class="col-xs-12"
                            data-test-col-invoice-line-vendor-ref-no="true"
                          >
                            <fieldset
                              class="repeatableField hasMargin"
                              data-test-repeatable-field="true"
                            >
                              <ul
                                class="repeatableFieldList"
                                data-test-repeatable-field-list="true"
                              >
                                <li
                                  class="repeatableFieldItem"
                                  data-test-repeatable-field-list-item="true"
                                >
                                  <div
                                    class="repeatableFieldItemContent"
                                  >
                                    <div
                                      class="row"
                                    >
                                      <div
                                        class="col-xs"
                                      >
                                        <div
                                          class="textField"
                                        >
                                          <label
                                            class="label"
                                            for="text-input-6"
                                          >
                                            stripes-acq-components.referenceNumbers.refNumber
                                            <span
                                              aria-hidden="true"
                                              class="asterisk"
                                            >
                                              *
                                            </span>
                                          </label>
                                          <div
                                            class="formControl inputGroup"
                                          >
                                            <input
                                              aria-invalid="false"
                                              aria-required="true"
                                              autocapitalize="off"
                                              autocomplete="off"
                                              autocorrect="off"
                                              data-testid="referenceNumbers[0].refNumber"
                                              error=""
                                              id="text-input-6"
                                              name="referenceNumbers[0].refNumber"
                                              required=""
                                              spellcheck="false"
                                              type="text"
                                              value="9992"
                                              warning=""
                                            />
                                          </div>
                                          <div
                                            role="alert"
                                          />
                                        </div>
                                      </div>
                                      <div
                                        class="col-xs"
                                      >
                                        <div
                                          class="select inputGroup fullWidth"
                                        >
                                          <label
                                            class="label"
                                            for="select-7"
                                            id="select-7-label"
                                          >
                                            stripes-acq-components.referenceNumbers.refNumberType
                                            <span
                                              aria-hidden="true"
                                              class="asterisk"
                                            >
                                              *
                                            </span>
                                          </label>
                                          <div
                                            class="selectWrap"
                                          >
                                            <select
                                              aria-invalid="false"
                                              aria-labelledby="select-7-label"
                                              aria-required="true"
                                              class="selectControl formControl"
                                              data-testid="referenceNumbers[0].refNumberType"
                                              id="select-7"
                                              name="referenceNumbers[0].refNumberType"
                                              required=""
                                            >
                                              <option
                                                value=""
                                              >
                                                stripes-acq-components.label.emptyValue
                                              </option>
                                              <option
                                                value="Vendor continuation reference number"
                                              >
                                                stripes-acq-components.referenceNumbers.refNumberType.continuationRefNumber
                                              </option>
                                              <option
                                                value="Vendor internal number"
                                              >
                                                stripes-acq-components.referenceNumbers.refNumberType.internalNumber
                                              </option>
                                              <option
                                                value="Vendor order reference number"
                                              >
                                                stripes-acq-components.referenceNumbers.refNumberType.refNumber
                                              </option>
                                              <option
                                                value="Vendor subscription reference number"
                                              >
                                                stripes-acq-components.referenceNumbers.refNumberType.subscriptionRefNumber
                                              </option>
                                              <option
                                                value="Vendor title number"
                                              >
                                                stripes-acq-components.referenceNumbers.refNumberType.titleNumber
                                              </option>
                                            </select>
                                            <span>
                                              Icon
                                            </span>
                                          </div>
                                          <div
                                            role="alert"
                                          />
                                        </div>
                                      </div>
                                    </div>
                                  </div>
                                  <div
                                    class="repeatableFieldRemoveItem "
                                  >
                                    <button
                                      aria-label="stripes-components.deleteThisItem"
                                      class="iconButton medium"
                                      data-test-repeatable-field-remove-item-button="true"
                                      icon="trash"
                                      type="button"
                                    >
                                      <span
                                        class="iconButtonInner mediumOffset"
                                        data-test-repeatable-field-remove-item-button="true"
                                      >
                                        <span>
                                          Icon
                                        </span>
                                      </span>
                                    </button>
                                  </div>
                                </li>
                              </ul>
                              <button
                                class="button default"
                                data-test-repeatable-field-add-item-button="true"
                                type="button"
                              >
                                <span
                                  class="inner"
                                >
                                  stripes-acq-components.referenceNumbers.addReferenceNumbers
                                </span>
                              </button>
                            </fieldset>
                          </div>
                        </div>
                        <div
                          class="row"
                        >
                          <div
                            class="col-xs-3"
                            data-test-col-invoice-line-subscription-info="true"
                          >
                            <div
                              class="textField"
                            >
                              <label
                                class="label"
                                for="subscriptionInfo"
                              >
                                ui-invoice.invoiceLine.subscriptionInfo
                              </label>
                              <div
                                class="formControl inputGroup"
                              >
                                <input
                                  aria-invalid="false"
                                  autocapitalize="off"
                                  autocomplete="off"
                                  autocorrect="off"
                                  error=""
                                  id="subscriptionInfo"
                                  name="subscriptionInfo"
                                  spellcheck="false"
                                  type="text"
                                  value=""
                                  warning=""
                                />
                              </div>
                              <div
                                role="alert"
                              />
                            </div>
                          </div>
                          <div
                            class="col-xs-3"
                            data-test-col-invoice-line-subscription-start="true"
                          >
                            <div
                              class="container"
                            >
                              <div
                                class="container"
                                data-test-datepicker-container="true"
                              >
                                <div
                                  class="textField"
                                >
                                  <label
                                    class="label"
                                    for="dp-8"
                                  >
                                    ui-invoice.invoiceLine.subscriptionStart
                                  </label>
                                  <div
                                    class="formControl inputGroup"
                                  >
                                    <input
                                      aria-invalid="false"
                                      autocapitalize="off"
                                      autocomplete="off"
                                      autocorrect="off"
                                      id="dp-8"
                                      name="subscriptionStart"
                                      placeholder="MM/DD/YYYY"
                                      spellcheck="false"
                                      type="text"
                                      value="06/09/2021"
                                    />
                                    <div
                                      class="endControls"
                                    >
                                      <div
                                        class="controlGroup"
                                      >
                                        <button
                                          aria-label="stripes-components.clearFieldValue"
                                          class="iconButton medium"
                                          data-test-clear="true"
                                          icon="times-circle-solid"
                                          id="datepicker-clear-button-dp-8"
                                          tabindex="-1"
                                          type="button"
                                        >
                                          <span
                                            class="iconButtonInner mediumOffset"
                                            data-test-clear="true"
                                          >
                                            <span>
                                              Icon
                                            </span>
                                          </span>
                                        </button>
                                        <button
                                          aria-haspopup="true"
                                          aria-label="stripes-components.showOrHideDatepicker"
                                          class="iconButton medium"
                                          data-test-calendar-button="true"
                                          icon="calendar"
                                          id="datepicker-toggle-calendar-button-dp-8"
                                          type="button"
                                        >
                                          <span
                                            class="iconButtonInner mediumOffset"
                                            data-test-calendar-button="true"
                                          >
                                            <span>
                                              Icon
                                            </span>
                                          </span>
                                        </button>
                                      </div>
                                    </div>
                                  </div>
                                  <div
                                    role="alert"
                                  />
                                </div>
                                <input
                                  data-test-datepicker-hidden-input="true"
                                  hidden=""
                                  type="text"
                                  value="2021-06-09"
                                />
                              </div>
                            </div>
                          </div>
                          <div
                            class="col-xs-3"
                            data-test-col-invoice-line-subscription-end="true"
                          >
                            <div
                              class="container"
                            >
                              <div
                                class="container"
                                data-test-datepicker-container="true"
                              >
                                <div
                                  class="textField"
                                >
                                  <label
                                    class="label"
                                    for="dp-9"
                                  >
                                    ui-invoice.invoiceLine.subscriptionEnd
                                  </label>
                                  <div
                                    class="formControl inputGroup"
                                  >
                                    <input
                                      aria-invalid="false"
                                      autocapitalize="off"
                                      autocomplete="off"
                                      autocorrect="off"
                                      id="dp-9"
                                      name="subscriptionEnd"
                                      placeholder="MM/DD/YYYY"
                                      spellcheck="false"
                                      type="text"
                                      value="06/18/2021"
                                    />
                                    <div
                                      class="endControls"
                                    >
                                      <div
                                        class="controlGroup"
                                      >
                                        <button
                                          aria-label="stripes-components.clearFieldValue"
                                          class="iconButton medium"
                                          data-test-clear="true"
                                          icon="times-circle-solid"
                                          id="datepicker-clear-button-dp-9"
                                          tabindex="-1"
                                          type="button"
                                        >
                                          <span
                                            class="iconButtonInner mediumOffset"
                                            data-test-clear="true"
                                          >
                                            <span>
                                              Icon
                                            </span>
                                          </span>
                                        </button>
                                        <button
                                          aria-haspopup="true"
                                          aria-label="stripes-components.showOrHideDatepicker"
                                          class="iconButton medium"
                                          data-test-calendar-button="true"
                                          icon="calendar"
                                          id="datepicker-toggle-calendar-button-dp-9"
                                          type="button"
                                        >
                                          <span
                                            class="iconButtonInner mediumOffset"
                                            data-test-calendar-button="true"
                                          >
                                            <span>
                                              Icon
                                            </span>
                                          </span>
                                        </button>
                                      </div>
                                    </div>
                                  </div>
                                  <div
                                    role="alert"
                                  />
                                </div>
                                <input
                                  data-test-datepicker-hidden-input="true"
                                  hidden=""
                                  type="text"
                                  value="2021-06-18"
                                />
                              </div>
                            </div>
                          </div>
                          <div
                            class="col-xs-3"
                            data-test-col-invoice-line-comment="true"
                          >
                            <div
                              class="textField"
                            >
                              <label
                                class="label"
                                for="comment"
                              >
                                ui-invoice.invoiceLine.comment
                              </label>
                              <div
                                class="formControl inputGroup"
                              >
                                <input
                                  aria-invalid="false"
                                  autocapitalize="off"
                                  autocomplete="off"
                                  autocorrect="off"
                                  error=""
                                  id="comment"
                                  name="comment"
                                  spellcheck="false"
                                  type="text"
                                  value=""
                                  warning=""
                                />
                              </div>
                              <div
                                role="alert"
                              />
                            </div>
                          </div>
                          <div
                            class="col-xs-3"
                            data-test-col-invoice-line-account-number="true"
                          >
                            <div
                              class="kvRoot"
                            >
                              <div
                                class="kvLabel"
                              >
                                ui-invoice.invoice.accountingCode
                              </div>
                              <div
                                class="kvValue"
                                data-test-kv-value="true"
                              >
                                <span>
                                  -
                                </span>
                              </div>
                            </div>
                          </div>
                          <div
                            class="col-xs-3"
                            data-test-col-invoice-line-accounting-code="true"
                          >
                            <div
                              class="kvRoot"
                            >
                              <div
                                class="kvLabel"
                              >
                                ui-invoice.invoiceLine.accountNumber
                              </div>
                              <div
                                class="kvValue"
                                data-test-kv-value="true"
                              >
                                <span>
                                  -
                                </span>
                              </div>
                            </div>
                          </div>
                          <div
                            class="col-xs-3"
                            data-test-col-invoice-line-quantity="true"
                          >
                            <div
                              class="textField"
                            >
                              <label
                                class="label"
                                for="quantity"
                              >
                                ui-invoice.invoiceLine.quantity
                                <span
                                  aria-hidden="true"
                                  class="asterisk"
                                >
                                  *
                                </span>
                              </label>
                              <div
                                class="formControl inputGroup"
                              >
                                <input
                                  aria-invalid="false"
                                  aria-required="true"
                                  autocapitalize="off"
                                  autocomplete="off"
                                  autocorrect="off"
                                  error=""
                                  id="quantity"
                                  name="quantity"
                                  required=""
                                  spellcheck="false"
                                  type="number"
                                  value="20"
                                  warning=""
                                />
                              </div>
                              <div
                                role="alert"
                              />
                            </div>
                          </div>
                          <div
                            class="col-xs-3"
                            data-test-col-invoice-line-sub-total="true"
                          >
                            <div
                              class="textField"
                            >
                              <label
                                class="label"
                                for="subTotal"
                              >
                                ui-invoice.invoiceLine.subTotal
                                <span
                                  aria-hidden="true"
                                  class="asterisk"
                                >
                                  *
                                </span>
                              </label>
                              <div
                                class="formControl inputGroup"
                              >
                                <input
                                  aria-invalid="false"
                                  aria-required="true"
                                  autocapitalize="off"
                                  autocomplete="off"
                                  autocorrect="off"
                                  error=""
                                  id="subTotal"
                                  name="subTotal"
                                  required=""
                                  spellcheck="false"
                                  type="number"
                                  value="1523"
                                  warning=""
                                />
                              </div>
                              <div
                                role="alert"
                              />
                            </div>
                          </div>
                          <div
                            class="col-xs-3"
                            data-test-col-release-encumbrance="true"
                          >
                            <div
                              class="checkbox"
                              data-test-checkbox="true"
                            >
                              <label
                                class="label label checkboxInteractionStylesControl"
                                for="checkbox-10"
                              >
                                <span
                                  class="inner checkboxInteractionStyles"
                                >
                                  <input
                                    aria-invalid="false"
                                    class="input"
                                    id="checkbox-10"
                                    name="releaseEncumbrance"
                                    type="checkbox"
                                    value=""
                                  />
                                  <span
                                    class="checkboxIcon"
                                  >
                                    <svg
                                      height="10"
                                      viewBox="0 0 14 14"
                                      width="10"
                                      xmlns="http://www.w3.org/2000/svg"
                                    >
                                      <path
                                        d="M10.395 4.617L5.63 9.383 3.605 7.358"
                                        fill="none"
                                        stroke-linecap="round"
                                        stroke-linejoin="round"
                                        stroke-miterlimit="10"
                                        stroke-width="1.5"
                                      />
                                    </svg>
                                  </span>
                                  <span
                                    class="labelText"
                                  >
                                    ui-invoice.invoiceLine.releaseEncumbrance
                                  </span>
                                </span>
                              </label>
                              <div
                                role="alert"
                              />
                            </div>
                          </div>
                        </div>
                      </div>
                    </div>
                  </section>
                  <section
                    class="accordion hasSeparator"
                    data-test-accordion-section="true"
                    id="invoiceLineForm-fundDistribution"
                  >
                    <div
                      class="headerWrapper"
                      tabindex="-1"
                    >
                      <div
                        class="header default"
                      >
                        <h3
                          class="headline size-medium margin-none font-weight-bold block"
                          data-test-headline="true"
                        >
                          <button
                            aria-controls="accordion3"
                            aria-expanded="true"
                            class="defaultCollapseButton"
                            id="accordion-toggle-button-invoiceLineForm-fundDistribution"
                            type="button"
                          >
                            <span
                              class="headerInner"
                            >
                              <span
                                class="defaultHeaderIcon"
                              >
                                <span>
                                  Icon
                                </span>
                              </span>
                              <div
                                class="labelArea"
                              >
                                ui-invoice.fundDistribution
                              </div>
                            </span>
                          </button>
                        </h3>
                      </div>
                    </div>
                    <div
                      class="content-wrap expanded"
                      style="z-index: 1;"
                    >
                      <div
                        aria-labelledby="accordion-toggle-button-invoiceLineForm-fundDistribution"
                        class="content-region expanded"
                        data-test-accordion-wrapper="true"
                        id="accordion3"
                        role="region"
                      >
                        <div
                          class="spinner"
                          style="width: 90px; height: 45px;"
                        >
                          <div
                            class="bounce1"
                          />
                          <div
                            class="bounce2"
                          />
                          <div
                            class="bounce3"
                          />
                        </div>
                      </div>
                    </div>
                  </section>
                  <section
                    class="accordion hasSeparator"
                    data-test-accordion-section="true"
                    id="invoiceLineForm-adjustments"
                  >
                    <div
                      class="headerWrapper"
                      tabindex="-1"
                    >
                      <div
                        class="header default"
                      >
                        <h3
                          class="headline size-medium margin-none font-weight-bold block"
                          data-test-headline="true"
                        >
                          <button
                            aria-controls="accordion4"
                            aria-expanded="true"
                            class="defaultCollapseButton"
                            id="accordion-toggle-button-invoiceLineForm-adjustments"
                            type="button"
                          >
                            <span
                              class="headerInner"
                            >
                              <span
                                class="defaultHeaderIcon"
                              >
                                <span>
                                  Icon
                                </span>
                              </span>
                              <div
                                class="labelArea"
                              >
                                ui-invoice.adjustments
                              </div>
                            </span>
                          </button>
                        </h3>
                      </div>
                    </div>
                    <div
                      class="content-wrap expanded"
                      style="z-index: 2;"
                    >
                      <div
                        aria-labelledby="accordion-toggle-button-invoiceLineForm-adjustments"
                        class="content-region expanded"
                        data-test-accordion-wrapper="true"
                        id="accordion4"
                        role="region"
                      >
                        <span>
                          AdjustmentsForm
                        </span>
                      </div>
                    </div>
                  </section>
                </div>
              </div>
            </div>
          </div>
          <div
            class="paneFooter"
          >
            <div
              class="paneFooterContent"
            >
              <span
                class="renderStart"
                data-test-pane-footer-start="true"
              >
                <button
                  class="button default mega"
                  data-test-cancel-button="true"
                  type="button"
                >
                  <span
                    class="inner"
                  >
                    stripes-acq-components.FormFooter.cancel
                  </span>
                </button>
              </span>
              <span
                data-test-pane-footer-end="true"
              >
                <button
                  class="button primary mega"
                  data-test-save-button="true"
                  disabled=""
                  id="clickable-save"
                  type="submit"
                >
                  <span
                    class="inner"
                  >
                    ui-invoice.saveAndClose
                  </span>
                </button>
              </span>
            </div>
          </div>
        </section>
      </div>
      <div
        class="container"
      >
        <div
          class="cursorHover"
          hidden=""
          style="left: -10px;"
        >
          <div
            class="cursor"
          >
             
          </div>
        </div>
      </div>
    </div>
  </form>
  <div />
</DocumentFragment>
`;
