// Jest Snapshot v1, https://goo.gl/fbAQLP

exports[`OrganizationsListLastMenu should render correct structure 1`] = `
<DocumentFragment>
  <section
    aria-labelledby="invoice-list-actions-label"
    class="menuSection"
    data-test-menu-section="true"
    id="invoice-list-actions"
  >
    <a
      aria-label="stripes-smart-components.addNew"
      class="button dropdownItem"
      href="/invoice/create?search"
      id="clickable-new-invoice"
      role="button"
    >
      <span>
        Icon
      </span>
    </a>
    <a
      aria-label="ui-invoice.button.voucherExport"
      class="button dropdownItem"
      href="/invoice/voucher-export?search"
      id="clickable-voucher-export"
      role="button"
    >
      <span>
        Icon
      </span>
    </a>
  </section>
</DocumentFragment>
`;
